Archive member included to satisfy reference by file (symbol)

c:/program files (x86)/atollic/truestudio for arm 7.1.1/armtools/bin/../lib/gcc/arm-atollic-eabi/5.3.1/../../../../arm-atollic-eabi/lib/armv7e-m/fpu\libc.a(lib_a-atof.o)
                              GPS\GPS.o (atof)
c:/program files (x86)/atollic/truestudio for arm 7.1.1/armtools/bin/../lib/gcc/arm-atollic-eabi/5.3.1/../../../../arm-atollic-eabi/lib/armv7e-m/fpu\libc.a(lib_a-init.o)
                              src\startup_stm32f40xx.o (__libc_init_array)
c:/program files (x86)/atollic/truestudio for arm 7.1.1/armtools/bin/../lib/gcc/arm-atollic-eabi/5.3.1/../../../../arm-atollic-eabi/lib/armv7e-m/fpu\libc.a(lib_a-lcltime.o)
                              GPS\GPS.o (localtime)
c:/program files (x86)/atollic/truestudio for arm 7.1.1/armtools/bin/../lib/gcc/arm-atollic-eabi/5.3.1/../../../../arm-atollic-eabi/lib/armv7e-m/fpu\libc.a(lib_a-lcltime_r.o)
                              c:/program files (x86)/atollic/truestudio for arm 7.1.1/armtools/bin/../lib/gcc/arm-atollic-eabi/5.3.1/../../../../arm-atollic-eabi/lib/armv7e-m/fpu\libc.a(lib_a-lcltime.o) (localtime_r)
c:/program files (x86)/atollic/truestudio for arm 7.1.1/armtools/bin/../lib/gcc/arm-atollic-eabi/5.3.1/../../../../arm-atollic-eabi/lib/armv7e-m/fpu\libc.a(lib_a-malloc.o)
                              src\tm_stm32f4_delay.o (malloc)
c:/program files (x86)/atollic/truestudio for arm 7.1.1/armtools/bin/../lib/gcc/arm-atollic-eabi/5.3.1/../../../../arm-atollic-eabi/lib/armv7e-m/fpu\libc.a(lib_a-mallocr.o)
                              c:/program files (x86)/atollic/truestudio for arm 7.1.1/armtools/bin/../lib/gcc/arm-atollic-eabi/5.3.1/../../../../arm-atollic-eabi/lib/armv7e-m/fpu\libc.a(lib_a-malloc.o) (_malloc_r)
c:/program files (x86)/atollic/truestudio for arm 7.1.1/armtools/bin/../lib/gcc/arm-atollic-eabi/5.3.1/../../../../arm-atollic-eabi/lib/armv7e-m/fpu\libc.a(lib_a-memcpy-stub.o)
                              src\Iridium.o (memcpy)
c:/program files (x86)/atollic/truestudio for arm 7.1.1/armtools/bin/../lib/gcc/arm-atollic-eabi/5.3.1/../../../../arm-atollic-eabi/lib/armv7e-m/fpu\libc.a(lib_a-memset.o)
                              src\Iridium.o (memset)
c:/program files (x86)/atollic/truestudio for arm 7.1.1/armtools/bin/../lib/gcc/arm-atollic-eabi/5.3.1/../../../../arm-atollic-eabi/lib/armv7e-m/fpu\libc.a(lib_a-mktime.o)
                              GPS\GPS.o (mktime)
c:/program files (x86)/atollic/truestudio for arm 7.1.1/armtools/bin/../lib/gcc/arm-atollic-eabi/5.3.1/../../../../arm-atollic-eabi/lib/armv7e-m/fpu\libc.a(lib_a-mlock.o)
                              c:/program files (x86)/atollic/truestudio for arm 7.1.1/armtools/bin/../lib/gcc/arm-atollic-eabi/5.3.1/../../../../arm-atollic-eabi/lib/armv7e-m/fpu\libc.a(lib_a-mallocr.o) (__malloc_lock)
c:/program files (x86)/atollic/truestudio for arm 7.1.1/armtools/bin/../lib/gcc/arm-atollic-eabi/5.3.1/../../../../arm-atollic-eabi/lib/armv7e-m/fpu\libc.a(lib_a-month_lengths.o)
                              c:/program files (x86)/atollic/truestudio for arm 7.1.1/armtools/bin/../lib/gcc/arm-atollic-eabi/5.3.1/../../../../arm-atollic-eabi/lib/armv7e-m/fpu\libc.a(lib_a-lcltime_r.o) (__month_lengths)
c:/program files (x86)/atollic/truestudio for arm 7.1.1/armtools/bin/../lib/gcc/arm-atollic-eabi/5.3.1/../../../../arm-atollic-eabi/lib/armv7e-m/fpu\libc.a(lib_a-sbrkr.o)
                              c:/program files (x86)/atollic/truestudio for arm 7.1.1/armtools/bin/../lib/gcc/arm-atollic-eabi/5.3.1/../../../../arm-atollic-eabi/lib/armv7e-m/fpu\libc.a(lib_a-mallocr.o) (_sbrk_r)
c:/program files (x86)/atollic/truestudio for arm 7.1.1/armtools/bin/../lib/gcc/arm-atollic-eabi/5.3.1/../../../../arm-atollic-eabi/lib/armv7e-m/fpu\libc.a(lib_a-sprintf.o)
                              src\Iridium.o (sprintf)
c:/program files (x86)/atollic/truestudio for arm 7.1.1/armtools/bin/../lib/gcc/arm-atollic-eabi/5.3.1/../../../../arm-atollic-eabi/lib/armv7e-m/fpu\libc.a(lib_a-strcasecmp.o)
                              src\Iridium.o (strcasecmp)
c:/program files (x86)/atollic/truestudio for arm 7.1.1/armtools/bin/../lib/gcc/arm-atollic-eabi/5.3.1/../../../../arm-atollic-eabi/lib/armv7e-m/fpu\libc.a(lib_a-strcat.o)
                              src\Iridium.o (strcat)
c:/program files (x86)/atollic/truestudio for arm 7.1.1/armtools/bin/../lib/gcc/arm-atollic-eabi/5.3.1/../../../../arm-atollic-eabi/lib/armv7e-m/fpu\libc.a(lib_a-strcmp.o)
                              GPS\GPS.o (strcmp)
c:/program files (x86)/atollic/truestudio for arm 7.1.1/armtools/bin/../lib/gcc/arm-atollic-eabi/5.3.1/../../../../arm-atollic-eabi/lib/armv7e-m/fpu\libc.a(lib_a-strlen.o)
                              GPS\GPS.o (strlen)
c:/program files (x86)/atollic/truestudio for arm 7.1.1/armtools/bin/../lib/gcc/arm-atollic-eabi/5.3.1/../../../../arm-atollic-eabi/lib/armv7e-m/fpu\libc.a(lib_a-strtod.o)
[...]
Memory Configuration

Name             Origin             Length             Attributes
FLASH            0x08000000         0x00100000         xr
RAM              0x20000000         0x00020000         xrw
MEMORY_B1        0x60000000         0x00000000         xr
CCMRAM           0x10000000         0x00010000         rw
*default*        0x00000000         0xffffffff

Linker script and memory map

LOAD c:/program files (x86)/atollic/truestudio for arm 7.1.1/armtools/bin/../lib/gcc/arm-atollic-eabi/5.3.1/armv7e-m/fpu/crti.o
LOAD c:/program files (x86)/atollic/truestudio for arm 7.1.1/armtools/bin/../lib/gcc/arm-atollic-eabi/5.3.1/armv7e-m/fpu/crtbegin.o
LOAD Flash\eeprom.o
LOAD GPS\GPS.o
LOAD Libraries\STM32F4xx_StdPeriph_Driver\src\misc.o
LOAD Libraries\STM32F4xx_StdPeriph_Driver\src\stm32f4xx_adc.o
LOAD Libraries\STM32F4xx_StdPeriph_Driver\src\stm32f4xx_can.o
LOAD Libraries\STM32F4xx_StdPeriph_Driver\src\stm32f4xx_crc.o
LOAD Libraries\STM32F4xx_StdPeriph_Driver\src\stm32f4xx_cryp.o
LOAD Libraries\STM32F4xx_StdPeriph_Driver\src\stm32f4xx_cryp_aes.o
LOAD Libraries\STM32F4xx_StdPeriph_Driver\src\stm32f4xx_cryp_des.o
LOAD Libraries\STM32F4xx_StdPeriph_Driver\src\stm32f4xx_cryp_tdes.o
LOAD Libraries\STM32F4xx_StdPeriph_Driver\src\stm32f4xx_dac.o
LOAD Libraries\STM32F4xx_StdPeriph_Driver\src\stm32f4xx_dbgmcu.o
LOAD Libraries\STM32F4xx_StdPeriph_Driver\src\stm32f4xx_dcmi.o
LOAD Libraries\STM32F4xx_StdPeriph_Driver\src\stm32f4xx_dma.o
LOAD Libraries\STM32F4xx_StdPeriph_Driver\src\stm32f4xx_exti.o
LOAD Libraries\STM32F4xx_StdPeriph_Driver\src\stm32f4xx_flash.o
LOAD Libraries\STM32F4xx_StdPeriph_Driver\src\stm32f4xx_fsmc.o
LOAD Libraries\STM32F4xx_StdPeriph_Driver\src\stm32f4xx_gpio.o
LOAD Libraries\STM32F4xx_StdPeriph_Driver\src\stm32f4xx_hash.o
LOAD Libraries\STM32F4xx_StdPeriph_Driver\src\stm32f4xx_hash_md5.o
LOAD Libraries\STM32F4xx_StdPeriph_Driver\src\stm32f4xx_hash_sha1.o
LOAD Libraries\STM32F4xx_StdPeriph_Driver\src\stm32f4xx_i2c.o
LOAD Libraries\STM32F4xx_StdPeriph_Driver\src\stm32f4xx_iwdg.o
LOAD Libraries\STM32F4xx_StdPeriph_Driver\src\stm32f4xx_pwr.o
LOAD Libraries\STM32F4xx_StdPeriph_Driver\src\stm32f4xx_rcc.o
LOAD Libraries\STM32F4xx_StdPeriph_Driver\src\stm32f4xx_rng.o
LOAD Libraries\STM32F4xx_StdPeriph_Driver\src\stm32f4xx_rtc.o
LOAD Libraries\STM32F4xx_StdPeriph_Driver\src\stm32f4xx_sdio.o
LOAD Libraries\STM32F4xx_StdPeriph_Driver\src\stm32f4xx_spi.o
LOAD Libraries\STM32F4xx_StdPeriph_Driver\src\stm32f4xx_syscfg.o
LOAD Libraries\STM32F4xx_StdPeriph_Driver\src\stm32f4xx_tim.o
LOAD Libraries\STM32F4xx_StdPeriph_Driver\src\stm32f4xx_usart.o
LOAD Libraries\STM32F4xx_StdPeriph_Driver\src\stm32f4xx_wwdg.o
LOAD Temp_sensor\tm_stm32f4_ds18b20.o
LOAD Temp_sensor\tm_stm32f4_onewire.o
LOAD Temp_sensor\tm_stm32f4_timer_properties.o
LOAD Utilities\STM32F4-Discovery\stm32f4_discovery.o
LOAD Utilities\STM32F4-Discovery\stm32f4_discovery_lis302dl.o
LOAD src\Delay.o
LOAD src\Iridium.o
LOAD src\main.o
LOAD src\startup_stm32f40xx.o
LOAD src\stm32f4xx_it.o
LOAD src\system_stm32f4xx.o
LOAD src\tm_stm32f4_delay.o
LOAD src\tm_stm32f4_gpio.o
START GROUP
LOAD c:/program files (x86)/atollic/truestudio for arm 7.1.1/armtools/bin/../lib/gcc/arm-atollic-eabi/5.3.1/../../../../arm-atollic-eabi/lib/armv7e-m/fpu\libc.a
LOAD c:/program files (x86)/atollic/truestudio for arm 7.1.1/armtools/bin/../lib/gcc/arm-atollic-eabi/5.3.1/../../../../arm-atollic-eabi/lib/armv7e-m/fpu\libm.a
END GROUP
                0x00000080                malloc_getpagesize_P = 0x80
START GROUP
LOAD c:/program files (x86)/atollic/truestudio for arm 7.1.1/armtools/bin/../lib/gcc/arm-atollic-eabi/5.3.1/armv7e-m/fpu\libgcc.a
LOAD c:/program files (x86)/atollic/truestudio for arm 7.1.1/armtools/bin/../lib/gcc/arm-atollic-eabi/5.3.1/../../../../arm-atollic-eabi/lib/armv7e-m/fpu\libc.a
END GROUP
START GROUP
LOAD c:/program files (x86)/atollic/truestudio for arm 7.1.1/armtools/bin/../lib/gcc/arm-atollic-eabi/5.3.1/armv7e-m/fpu\libgcc.a
LOAD c:/program files (x86)/atollic/truestudio for arm 7.1.1/armtools/bin/../lib/gcc/arm-atollic-eabi/5.3.1/../../../../arm-atollic-eabi/lib/armv7e-m/fpu\libc.a
LOAD c:/program files (x86)/atollic/truestudio for arm 7.1.1/armtools/bin/../lib/gcc/arm-atollic-eabi/5.3.1/../../../../arm-atollic-eabi/lib/armv7e-m/fpu\libnosys.a
END GROUP
LOAD c:/program files (x86)/atollic/truestudio for arm 7.1.1/armtools/bin/../lib/gcc/arm-atollic-eabi/5.3.1/armv7e-m/fpu/crtend.o
LOAD c:/program files (x86)/atollic/truestudio for arm 7.1.1/armtools/bin/../lib/gcc/arm-atollic-eabi/5.3.1/armv7e-m/fpu/crtn.o
                0x20020000                _estack = 0x20020000
                0x00000000                _Min_Heap_Size = 0x0
                0x00000400                _Min_Stack_Size = 0x400

.isr_vector     0x08000000      0x188
                0x08000000                . = ALIGN (0x4)
 *(.isr_vector)
 .isr_vector    0x08000000      0x188 src\startup_stm32f40xx.o
                0x08000000                g_pfnVectors
                0x08000188                . = ALIGN (0x4)

.text           0x08000188     0x73c0
                0x08000188                . = ALIGN (0x4)
 *(.text)
 .text          0x08000188       0x40 c:/program files (x86)/atollic/truestudio for arm 7.1.1/armtools/bin/../lib/gcc/arm-atollic-eabi/5.3.1/armv7e-m/fpu/crtbegin.o
 .text          0x080001c8       0x14 c:/program files (x86)/atollic/truestudio for arm 7.1.1/armtools/bin/../lib/gcc/arm-atollic-eabi/5.3.1/../../../../arm-atollic-eabi/lib/armv7e-m/fpu\libc.a(lib_a-strcmp.o)
                0x080001c8                strcmp
 .text          0x080001dc       0x10 c:/program files (x86)/atollic/truestudio for arm 7.1.1/armtools/bin/../lib/gcc/arm-atollic-eabi/5.3.1/../../../../arm-atollic-eabi/lib/armv7e-m/fpu\libc.a(lib_a-strlen.o)
                0x080001dc                strlen
 .text          0x080001ec      0x370 c:/program files (x86)/atollic/truestudio for arm 7.1.1/armtools/bin/../lib/gcc/arm-atollic-eabi/5.3.1/armv7e-m/fpu\libgcc.a(_arm_addsubdf3.o)
                0x080001ec                __aeabi_drsub
                0x080001f4                __aeabi_dsub
                0x080001f4                __subdf3
                0x080001f8                __aeabi_dadd
                0x080001f8                __adddf3
                0x08000470                __floatunsidf
                0x08000470                __aeabi_ui2d
                0x08000490                __floatsidf
                0x08000490                __aeabi_i2d
                0x080004b4                __aeabi_f2d
                0x080004b4                __extendsfdf2
                0x080004f0                __floatundidf
                0x080004f0                __aeabi_ul2d
                0x08000500                __floatdidf
                0x08000500                __aeabi_l2d
 .text          0x0800055c      0x424 c:/program files (x86)/atollic/truestudio for arm 7.1.1/armtools/bin/../lib/gcc/arm-atollic-eabi/5.3.1/armv7e-m/fpu\libgcc.a(_arm_muldivdf3.o)
                0x0800055c                __aeabi_dmul
                0x0800055c                __muldf3
                0x080007b0                __divdf3
                0x080007b0                __aeabi_ddiv
 .text          0x08000980      0x110 c:/program files (x86)/atollic/truestudio for arm 7.1.1/armtools/bin/../lib/gcc/arm-atollic-eabi/5.3.1/armv7e-m/fpu\libgcc.a(_arm_cmpdf2.o)
                0x08000980                __gtdf2
                0x08000980                __gedf2
                0x08000988                __ltdf2
                0x08000988                __ledf2
                0x08000990                __nedf2
                0x08000990                __eqdf2
                0x08000990                __cmpdf2
                0x08000a0c                __aeabi_cdrcmple
                0x08000a1c                __aeabi_cdcmpeq
                0x08000a1c                __aeabi_cdcmple
                0x08000a2c                __aeabi_dcmpeq
                0x08000a40                __aeabi_dcmplt
                0x08000a54                __aeabi_dcmple
                0x08000a68                __aeabi_dcmpge
                0x08000a7c                __aeabi_dcmpgt
 .text          0x08000a90       0x50 c:/program files (x86)/atollic/truestudio for arm 7.1.1/armtools/bin/../lib/gcc/arm-atollic-eabi/5.3.1/armv7e-m/fpu\libgcc.a(_arm_fixdfsi.o)
                0x08000a90                __aeabi_d2iz
                0x08000a90                __fixdfsi
 .text          0x08000ae0       0x40 c:/program files (x86)/atollic/truestudio for arm 7.1.1/armtools/bin/../lib/gcc/arm-atollic-eabi/5.3.1/armv7e-m/fpu\libgcc.a(_arm_fixunsdfsi.o)
                0x08000ae0                __aeabi_d2uiz
                0x08000ae0                __fixunsdfsi
 .text          0x08000b20       0xa0 c:/program files (x86)/atollic/truestudio for arm 7.1.1/armtools/bin/../lib/gcc/arm-atollic-eabi/5.3.1/armv7e-m/fpu\libgcc.a(_arm_truncdfsf2.o)
                0x08000b20                __truncdfsf2
                0x08000b20                __aeabi_d2f
 .text          0x08000bc0       0x30 c:/program files (x86)/atollic/truestudio for arm 7.1.1/armtools/bin/../lib/gcc/arm-atollic-eabi/5.3.1/armv7e-m/fpu\libgcc.a(_aeabi_uldivmod.o)
                0x08000bc0                __aeabi_uldivmod
 .text          0x08000bf0      0x2e4 c:/program files (x86)/atollic/truestudio for arm 7.1.1/armtools/bin/../lib/gcc/arm-atollic-eabi/5.3.1/armv7e-m/fpu\libgcc.a(_udivmoddi4.o)
                0x08000bf0                __udivmoddi4
 .text          0x08000ed4        0x4 c:/program files (x86)/atollic/truestudio for arm 7.1.1/armtools/bin/../lib/gcc/arm-atollic-eabi/5.3.1/armv7e-m/fpu\libgcc.a(_dvmd_tls.o)
                0x08000ed4                __aeabi_idiv0
                0x08000ed4                __aeabi_ldiv0
 *(.text*)
 .text.zero_dma_gnss_memory
                0x08000ed8       0x34 GPS\GPS.o
                0x08000ed8                zero_dma_gnss_memory
 .text.zero_gnss_memory
                0x08000f0c       0x34 GPS\GPS.o
                0x08000f0c                zero_gnss_memory
 .text.USART1_IRQHandler
                0x08000f40       0x60 GPS\GPS.o
                0x08000f40                USART1_IRQHandler
 .text.DMA2_Stream2_IRQHandler
                0x08000fa0       0x60 GPS\GPS.o
                0x08000fa0                DMA2_Stream2_IRQHandler
 .text.DMA2_Stream0_IRQHandler
                0x08001000       0xf8 GPS\GPS.o
                0x08001000                DMA2_Stream0_IRQHandler
 .text.is_valid
                0x080010f8       0xfc GPS\GPS.o
                0x080010f8                is_valid
 .text.char_to_hex
                0x080011f4       0x60 GPS\GPS.o
                0x080011f4                char_to_hex
 .text.parse_ZDA
                0x08001254      0x190 GPS\GPS.o
                0x08001254                parse_ZDA
 .text.Parse_GLL
                0x080013e4      0x130 GPS\GPS.o
                0x080013e4                Parse_GLL
 .text.parse_GSA
                0x08001514      0x150 GPS\GPS.o
                0x08001514                parse_GSA
 .text.DMA_Cmd  0x08001664       0x38 Libraries\STM32F4xx_StdPeriph_Driver\src\stm32f4xx_dma.o
                0x08001664                DMA_Cmd
 .text.DMA_GetCurrDataCounter
                0x0800169c       0x1c Libraries\STM32F4xx_StdPeriph_Driver\src\stm32f4xx_dma.o
                0x0800169c                DMA_GetCurrDataCounter
 .text.DMA_GetCmdStatus
                0x080016b8       0x30 Libraries\STM32F4xx_StdPeriph_Driver\src\stm32f4xx_dma.o
                0x080016b8                DMA_GetCmdStatus
 .text.DMA_GetFlagStatus
                0x080016e8       0x78 Libraries\STM32F4xx_StdPeriph_Driver\src\stm32f4xx_dma.o
                0x080016e8                DMA_GetFlagStatus
 .text.DMA_ClearITPendingBit
                0x08001760       0x5c Libraries\STM32F4xx_StdPeriph_Driver\src\stm32f4xx_dma.o
                0x08001760                DMA_ClearITPendingBit
 .text.EXTI_GetITStatus
                0x080017bc       0x48 Libraries\STM32F4xx_StdPeriph_Driver\src\stm32f4xx_exti.o
                0x080017bc                EXTI_GetITStatus
 .text.EXTI_ClearITPendingBit
                0x08001804       0x20 Libraries\STM32F4xx_StdPeriph_Driver\src\stm32f4xx_exti.o
                0x08001804                EXTI_ClearITPendingBit
 .text.FLASH_SetLatency
                0x08001824       0x20 Libraries\STM32F4xx_StdPeriph_Driver\src\stm32f4xx_flash.o
                0x08001824                FLASH_SetLatency
 .text.GPIO_ReadInputDataBit
                0x08001844       0x34 Libraries\STM32F4xx_StdPeriph_Driver\src\stm32f4xx_gpio.o
                0x08001844                GPIO_ReadInputDataBit
 .text.RCC_DeInit
                0x08001878       0x5c Libraries\STM32F4xx_StdPeriph_Driver\src\stm32f4xx_rcc.o
                0x08001878                RCC_DeInit
 .text.RCC_HSEConfig
                0x080018d4       0x28 Libraries\STM32F4xx_StdPeriph_Driver\src\stm32f4xx_rcc.o
                0x080018d4                RCC_HSEConfig
 .text.RCC_WaitForHSEStartUp
                0x080018fc       0x50 Libraries\STM32F4xx_StdPeriph_Driver\src\stm32f4xx_rcc.o
                0x080018fc                RCC_WaitForHSEStartUp
 .text.RCC_PLLConfig
                0x0800194c       0x40 Libraries\STM32F4xx_StdPeriph_Driver\src\stm32f4xx_rcc.o
                0x0800194c                RCC_PLLConfig
 .text.RCC_PLLCmd
                0x0800198c       0x20 Libraries\STM32F4xx_StdPeriph_Driver\src\stm32f4xx_rcc.o
                0x0800198c                RCC_PLLCmd
 .text.RCC_SYSCLKConfig
                0x080019ac       0x38 Libraries\STM32F4xx_StdPeriph_Driver\src\stm32f4xx_rcc.o
                0x080019ac                RCC_SYSCLKConfig
 .text.RCC_HCLKConfig
                0x080019e4       0x38 Libraries\STM32F4xx_StdPeriph_Driver\src\stm32f4xx_rcc.o
                0x080019e4                RCC_HCLKConfig
 .text.RCC_PCLK1Config
                0x08001a1c       0x38 Libraries\STM32F4xx_StdPeriph_Driver\src\stm32f4xx_rcc.o
                0x08001a1c                RCC_PCLK1Config
 .text.RCC_PCLK2Config
                0x08001a54       0x3c Libraries\STM32F4xx_StdPeriph_Driver\src\stm32f4xx_rcc.o
                0x08001a54                RCC_PCLK2Config
 .text.RCC_GetClocksFreq
                0x08001a90      0x154 Libraries\STM32F4xx_StdPeriph_Driver\src\stm32f4xx_rcc.o
                0x08001a90                RCC_GetClocksFreq
 .text.RCC_GetFlagStatus
                0x08001be4       0x74 Libraries\STM32F4xx_StdPeriph_Driver\src\stm32f4xx_rcc.o
                0x08001be4                RCC_GetFlagStatus
 .text.TIM_Cmd  0x08001c58       0x40 Libraries\STM32F4xx_StdPeriph_Driver\src\stm32f4xx_tim.o
                0x08001c58                TIM_Cmd
 .text.TIM_ITConfig
                0x08001c98       0x48 Libraries\STM32F4xx_StdPeriph_Driver\src\stm32f4xx_tim.o
                0x08001c98                TIM_ITConfig
 .text.TIM_ClearITPendingBit
                0x08001ce0       0x24 Libraries\STM32F4xx_StdPeriph_Driver\src\stm32f4xx_tim.o
                0x08001ce0                TIM_ClearITPendingBit
 .text.USART_ReceiveData
                0x08001d04       0x20 Libraries\STM32F4xx_StdPeriph_Driver\src\stm32f4xx_usart.o
                0x08001d04                USART_ReceiveData
 .text.USART_GetFlagStatus
                0x08001d24       0x38 Libraries\STM32F4xx_StdPeriph_Driver\src\stm32f4xx_usart.o
                0x08001d24                USART_GetFlagStatus
 .text.USART_GetITStatus
                0x08001d5c       0xb8 Libraries\STM32F4xx_StdPeriph_Driver\src\stm32f4xx_usart.o
                0x08001d5c                USART_GetITStatus
 .text.TM_DS18B20_Start
                0x08001e14       0x3c Temp_sensor\tm_stm32f4_ds18b20.o
                0x08001e14                TM_DS18B20_Start
 .text.TM_DS18B20_Read
                0x08001e50      0x200 Temp_sensor\tm_stm32f4_ds18b20.o
                0x08001e50                TM_DS18B20_Read
 .text.TM_DS18B20_Is
                0x08002050       0x24 Temp_sensor\tm_stm32f4_ds18b20.o
                0x08002050                TM_DS18B20_Is
 .text.TM_DS18B20_AllDone
                0x08002074       0x18 Temp_sensor\tm_stm32f4_ds18b20.o
                0x08002074                TM_DS18B20_AllDone
 .text.Delay    0x0800208c       0x5c Temp_sensor\tm_stm32f4_onewire.o
 .text.TM_OneWire_Init
                0x080020e8       0x3c Temp_sensor\tm_stm32f4_onewire.o
                0x080020e8                TM_OneWire_Init
 .text.TM_OneWire_Reset
                0x08002124       0x6c Temp_sensor\tm_stm32f4_onewire.o
                0x08002124                TM_OneWire_Reset
 .text.TM_OneWire_WriteBit
                0x08002190       0xa8 Temp_sensor\tm_stm32f4_onewire.o
                0x08002190                TM_OneWire_WriteBit
 .text.TM_OneWire_ReadBit
                0x08002238       0x68 Temp_sensor\tm_stm32f4_onewire.o
                0x08002238                TM_OneWire_ReadBit
 .text.TM_OneWire_WriteByte
                0x080022a0       0x3c Temp_sensor\tm_stm32f4_onewire.o
                0x080022a0                TM_OneWire_WriteByte
 .text.TM_OneWire_ReadByte
                0x080022dc       0x44 Temp_sensor\tm_stm32f4_onewire.o
                0x080022dc                TM_OneWire_ReadByte
 .text.TM_OneWire_First
                0x08002320       0x20 Temp_sensor\tm_stm32f4_onewire.o
                0x08002320                TM_OneWire_First
 .text.TM_OneWire_ResetSearch
                0x08002340       0x28 Temp_sensor\tm_stm32f4_onewire.o
                0x08002340                TM_OneWire_ResetSearch
 .text.TM_OneWire_Search
                0x08002368      0x18c Temp_sensor\tm_stm32f4_onewire.o
                0x08002368                TM_OneWire_Search
 .text.TM_OneWire_SelectWithPointer
                0x080024f4       0x3c Temp_sensor\tm_stm32f4_onewire.o
                0x080024f4                TM_OneWire_SelectWithPointer
 .text.TM_OneWire_GetFullROM
                0x08002530       0x38 Temp_sensor\tm_stm32f4_onewire.o
                0x08002530                TM_OneWire_GetFullROM
 .text.TM_OneWire_CRC8
                0x08002568       0x70 Temp_sensor\tm_stm32f4_onewire.o
                0x08002568                TM_OneWire_CRC8
 .text.STM_EVAL_LEDOn
                0x080025d8       0x30 Utilities\STM32F4-Discovery\stm32f4_discovery.o
                0x080025d8                STM_EVAL_LEDOn
 .text.TIM2_IRQHandler
                0x08002608       0x20 src\Delay.o
                0x08002608                TIM2_IRQHandler
 .text.Delay_Disable
                0x08002628       0x28 src\Delay.o
                0x08002628                Delay_Disable
 .text.init_Rx_Buff
                0x08002650       0x40 src\Iridium.o
                0x08002650                init_Rx_Buff
 .text.get_status
                0x08002690       0xe0 src\Iridium.o
                0x08002690                get_status
 .text.clear_Status
                0x08002770       0x34 src\Iridium.o
                0x08002770                clear_Status
 .text.get_AT_response
                0x080027a4       0xb0 src\Iridium.o
                0x080027a4                get_AT_response
 .text.init_message_buff
                0x08002854       0x44 src\Iridium.o
                0x08002854                init_message_buff
 .text.USART3_IRQHandler
                0x08002898       0x54 src\Iridium.o
                0x08002898                USART3_IRQHandler
 .text.DMA1_Stream1_IRQHandler
                0x080028ec       0x5c src\Iridium.o
                0x080028ec                DMA1_Stream1_IRQHandler
 .text.DMA2_Stream1_IRQHandler
                0x08002948       0x7c src\Iridium.o
                0x08002948                DMA2_Stream1_IRQHandler
 .text.EXTI0_IRQHandler
                0x080029c4       0x50 src\Iridium.o
                0x080029c4                EXTI0_IRQHandler
 .text.main     0x08002a14       0x6c src\main.o
                0x08002a14                main
 .text.init_RCC_Clock
                0x08002a80       0x78 src\main.o
                0x08002a80                init_RCC_Clock
 .text.Reset_Handler
                0x08002af8       0x50 src\startup_stm32f40xx.o
                0x08002af8                Reset_Handler
 .text.Default_Handler
                0x08002b48        0x2 src\startup_stm32f40xx.o
                0x08002b48                RTC_Alarm_IRQHandler
                0x08002b48                HASH_RNG_IRQHandler
                0x08002b48                EXTI2_IRQHandler
                0x08002b48                TIM8_CC_IRQHandler
                0x08002b48                TIM1_CC_IRQHandler
                0x08002b48                DMA2_Stream5_IRQHandler
                0x08002b48                DMA1_Stream5_IRQHandler
                0x08002b48                PVD_IRQHandler
                0x08002b48                SDIO_IRQHandler
                0x08002b48                TAMP_STAMP_IRQHandler
                0x08002b48                CAN2_RX1_IRQHandler
                0x08002b48                EXTI3_IRQHandler
                0x08002b48                TIM8_TRG_COM_TIM14_IRQHandler
                0x08002b48                TIM1_UP_TIM10_IRQHandler
                0x08002b48                TIM8_UP_TIM13_IRQHandler
                0x08002b48                I2C3_ER_IRQHandler
                0x08002b48                I2C2_EV_IRQHandler
                0x08002b48                DMA1_Stream2_IRQHandler
                0x08002b48                CAN1_RX0_IRQHandler
                0x08002b48                FPU_IRQHandler
                0x08002b48                OTG_HS_WKUP_IRQHandler
                0x08002b48                CAN2_SCE_IRQHandler
                0x08002b48                SPI1_IRQHandler
                0x08002b48                TIM6_DAC_IRQHandler
                0x08002b48                TIM1_BRK_TIM9_IRQHandler
                0x08002b48                DCMI_IRQHandler
                0x08002b48                CAN2_RX0_IRQHandler
                0x08002b48                DMA2_Stream3_IRQHandler
                0x08002b48                USART6_IRQHandler
                0x08002b48                CRYP_IRQHandler
                0x08002b48                CAN1_RX1_IRQHandler
                0x08002b48                UART5_IRQHandler
                0x08002b48                TIM4_IRQHandler
                0x08002b48                I2C1_EV_IRQHandler
                0x08002b48                DMA1_Stream6_IRQHandler
                0x08002b48                UART4_IRQHandler
                0x08002b48                TIM3_IRQHandler
                0x08002b48                RCC_IRQHandler
                0x08002b48                TIM8_BRK_TIM12_IRQHandler
                0x08002b48                Default_Handler
                0x08002b48                EXTI15_10_IRQHandler
                0x08002b48                ADC_IRQHandler
                0x08002b48                DMA1_Stream7_IRQHandler
                0x08002b48                TIM7_IRQHandler
                0x08002b48                CAN2_TX_IRQHandler
                0x08002b48                TIM5_IRQHandler
                0x08002b48                DMA2_Stream7_IRQHandler
                0x08002b48                I2C3_EV_IRQHandler
                0x08002b48                EXTI9_5_IRQHandler
                0x08002b48                RTC_WKUP_IRQHandler
                0x08002b48                ETH_WKUP_IRQHandler
                0x08002b48                SPI2_IRQHandler
                0x08002b48                OTG_HS_EP1_IN_IRQHandler
                0x08002b48                DMA1_Stream0_IRQHandler
                0x08002b48                CAN1_TX_IRQHandler
                0x08002b48                EXTI4_IRQHandler
                0x08002b48                FSMC_IRQHandler
                0x08002b48                ETH_IRQHandler
                0x08002b48                OTG_HS_EP1_OUT_IRQHandler
                0x08002b48                WWDG_IRQHandler
                0x08002b48                OTG_FS_WKUP_IRQHandler
                0x08002b48                TIM1_TRG_COM_TIM11_IRQHandler
                0x08002b48                OTG_HS_IRQHandler
                0x08002b48                EXTI1_IRQHandler
                0x08002b48                USART2_IRQHandler
                0x08002b48                I2C2_ER_IRQHandler
                0x08002b48                CAN1_SCE_IRQHandler
                0x08002b48                FLASH_IRQHandler
                0x08002b48                DMA2_Stream4_IRQHandler
                0x08002b48                OTG_FS_IRQHandler
                0x08002b48                SPI3_IRQHandler
                0x08002b48                DMA1_Stream4_IRQHandler
                0x08002b48                I2C1_ER_IRQHandler
                0x08002b48                DMA2_Stream6_IRQHandler
                0x08002b48                DMA1_Stream3_IRQHandler
 *fill*         0x08002b4a        0x2 
 .text.NMI_Handler
                0x08002b4c       0x10 src\stm32f4xx_it.o
                0x08002b4c                NMI_Handler
 .text.HardFault_Handler
                0x08002b5c        0x8 src\stm32f4xx_it.o
                0x08002b5c                HardFault_Handler
 .text.MemManage_Handler
                0x08002b64        0x8 src\stm32f4xx_it.o
                0x08002b64                MemManage_Handler
 .text.BusFault_Handler
                0x08002b6c        0x8 src\stm32f4xx_it.o
                0x08002b6c                BusFault_Handler
 .text.UsageFault_Handler
                0x08002b74        0x8 src\stm32f4xx_it.o
                0x08002b74                UsageFault_Handler
 .text.SVC_Handler
                0x08002b7c       0x10 src\stm32f4xx_it.o
                0x08002b7c                SVC_Handler
 .text.DebugMon_Handler
                0x08002b8c       0x10 src\stm32f4xx_it.o
                0x08002b8c                DebugMon_Handler
 .text.PendSV_Handler
                0x08002b9c       0x10 src\stm32f4xx_it.o
                0x08002b9c                PendSV_Handler
 .text.SystemInit
                0x08002bac       0x6c src\system_stm32f4xx.o
                0x08002bac                SystemInit
 .text.SystemCoreClockUpdate
                0x08002c18       0xfc src\system_stm32f4xx.o
                0x08002c18                SystemCoreClockUpdate
 .text.SetSysClock
                0x08002d14       0xf8 src\system_stm32f4xx.o
 .text.NVIC_SetPriority
                0x08002e0c       0x54 src\tm_stm32f4_delay.o
 .text.SysTick_Config
                0x08002e60       0x44 src\tm_stm32f4_delay.o
 .text.SysTick_Handler
                0x08002ea4       0xf0 src\tm_stm32f4_delay.o
                0x08002ea4                SysTick_Handler
 .text.TM_DELAY_Init
                0x08002f94       0x54 src\tm_stm32f4_delay.o
                0x08002f94                TM_DELAY_Init
 .text.TM_GPIO_Init
                0x08002fe8       0x48 src\tm_stm32f4_gpio.o
                0x08002fe8                TM_GPIO_Init
 .text.TM_GPIO_SetPinAsInput
                0x08003030       0x50 src\tm_stm32f4_gpio.o
                0x08003030                TM_GPIO_SetPinAsInput
 .text.TM_GPIO_SetPinAsOutput
                0x08003080       0x5c src\tm_stm32f4_gpio.o
                0x08003080                TM_GPIO_SetPinAsOutput
 .text.TM_GPIO_GetPortSource
                0x080030dc       0x24 src\tm_stm32f4_gpio.o
                0x080030dc                TM_GPIO_GetPortSource
 .text.TM_GPIO_INT_EnableClock
                0x08003100       0x30 src\tm_stm32f4_gpio.o
                0x08003100                TM_GPIO_INT_EnableClock
 .text.TM_GPIO_INT_Init
                0x08003130      0x10c src\tm_stm32f4_gpio.o
                0x08003130                TM_GPIO_INT_Init
 .text.atof     0x0800323c        0x6 c:/program files (x86)/atollic/truestudio for arm 7.1.1/armtools/bin/../lib/gcc/arm-atollic-eabi/5.3.1/../../../../arm-atollic-eabi/lib/armv7e-m/fpu\libc.a(lib_a-atof.o)
                0x0800323c                atof
 *fill*         0x08003242        0x2 
 .text.__libc_init_array
                0x08003244       0x4c c:/program files (x86)/atollic/truestudio for arm 7.1.1/armtools/bin/../lib/gcc/arm-atollic-eabi/5.3.1/../../../../arm-atollic-eabi/lib/armv7e-m/fpu\libc.a(lib_a-init.o)
                0x08003244                __libc_init_array
 .text.localtime
                0x08003290       0x24 c:/program files (x86)/atollic/truestudio for arm 7.1.1/armtools/bin/../lib/gcc/arm-atollic-eabi/5.3.1/../../../../arm-atollic-eabi/lib/armv7e-m/fpu\libc.a(lib_a-lcltime.o)
                0x08003290                localtime
 .text.localtime_r
                0x080032b4      0x1cc c:/program files (x86)/atollic/truestudio for arm 7.1.1/armtools/bin/../lib/gcc/arm-atollic-eabi/5.3.1/../../../../arm-atollic-eabi/lib/armv7e-m/fpu\libc.a(lib_a-lcltime_r.o)
                0x080032b4                localtime_r
 .text.malloc   0x08003480       0x10 c:/program files (x86)/atollic/truestudio for arm 7.1.1/armtools/bin/../lib/gcc/arm-atollic-eabi/5.3.1/../../../../arm-atollic-eabi/lib/armv7e-m/fpu\libc.a(lib_a-malloc.o)
                0x08003480                malloc
 .text.free     0x08003490       0x10 c:/program files (x86)/atollic/truestudio for arm 7.1.1/armtools/bin/../lib/gcc/arm-atollic-eabi/5.3.1/../../../../arm-atollic-eabi/lib/armv7e-m/fpu\libc.a(lib_a-malloc.o)
                0x08003490                free
 .text._malloc_r
                0x080034a0      0x440 c:/program files (x86)/atollic/truestudio for arm 7.1.1/armtools/bin/../lib/gcc/arm-atollic-eabi/5.3.1/../../../../arm-atollic-eabi/lib/armv7e-m/fpu\libc.a(lib_a-mallocr.o)
                0x080034a0                _malloc_r
 .text.memcpy   0x080038e0       0x16 c:/program files (x86)/atollic/truestudio for arm 7.1.1/armtools/bin/../lib/gcc/arm-atollic-eabi/5.3.1/../../../../arm-atollic-eabi/lib/armv7e-m/fpu\libc.a(lib_a-memcpy-stub.o)
                0x080038e0                memcpy
 .text.memset   0x080038f6       0x10 c:/program files (x86)/atollic/truestudio for arm 7.1.1/armtools/bin/../lib/gcc/arm-atollic-eabi/5.3.1/../../../../arm-atollic-eabi/lib/armv7e-m/fpu\libc.a(lib_a-memset.o)
                0x080038f6                memset
 *fill*         0x08003906        0x2 
 .text.validate_structure
                0x08003908      0x1b8 c:/program files (x86)/atollic/truestudio for arm 7.1.1/armtools/bin/../lib/gcc/arm-atollic-eabi/5.3.1/../../../../arm-atollic-eabi/lib/armv7e-m/fpu\libc.a(lib_a-mktime.o)
 .text.mktime   0x08003ac0      0x2e4 c:/program files (x86)/atollic/truestudio for arm 7.1.1/armtools/bin/../lib/gcc/arm-atollic-eabi/5.3.1/../../../../arm-atollic-eabi/lib/armv7e-m/fpu\libc.a(lib_a-mktime.o)
                0x08003ac0                mktime
 .text.__malloc_lock
                0x08003da4        0x2 c:/program files (x86)/atollic/truestudio for arm 7.1.1/armtools/bin/../lib/gcc/arm-atollic-eabi/5.3.1/../../../../arm-atollic-eabi/lib/armv7e-m/fpu\libc.a(lib_a-mlock.o)
                0x08003da4                __malloc_lock
 .text.__malloc_unlock
                0x08003da6        0x2 c:/program files (x86)/atollic/truestudio for arm 7.1.1/armtools/bin/../lib/gcc/arm-atollic-eabi/5.3.1/../../../../arm-atollic-eabi/lib/armv7e-m/fpu\libc.a(lib_a-mlock.o)
                0x08003da6                __malloc_unlock
 .text._sbrk_r  0x08003da8       0x20 c:/program files (x86)/atollic/truestudio for arm 7.1.1/armtools/bin/../lib/gcc/arm-atollic-eabi/5.3.1/../../../../arm-atollic-eabi/lib/armv7e-m/fpu\libc.a(lib_a-sbrkr.o)
                0x08003da8                _sbrk_r
 .text.sulp     0x08003dc8       0x38 c:/program files (x86)/atollic/truestudio for arm 7.1.1/armtools/bin/../lib/gcc/arm-atollic-eabi/5.3.1/../../../../arm-atollic-eabi/lib/armv7e-m/fpu\libc.a(lib_a-strtod.o)
 .text._strtod_r
                0x08003e00      0xc00 c:/program files (x86)/atollic/truestudio for arm 7.1.1/armtools/bin/../lib/gcc/arm-atollic-eabi/5.3.1/../../../../arm-atollic-eabi/lib/armv7e-m/fpu\libc.a(lib_a-strtod.o)
                0x08003e00                _strtod_r
 .text.strtod   0x08004a00       0x10 c:/program files (x86)/atollic/truestudio for arm 7.1.1/armtools/bin/../lib/gcc/arm-atollic-eabi/5.3.1/../../../../arm-atollic-eabi/lib/armv7e-m/fpu\libc.a(lib_a-strtod.o)
                0x08004a00                strtod
 .text.strtok   0x08004a10       0x7c c:/program files (x86)/atollic/truestudio for arm 7.1.1/armtools/bin/../lib/gcc/arm-atollic-eabi/5.3.1/../../../../arm-atollic-eabi/lib/armv7e-m/fpu\libc.a(lib_a-strtok.o)
                0x08004a10                strtok
 .text.__strtok_r
                0x08004a8c       0x56 c:/program files (x86)/atollic/truestudio for arm 7.1.1/armtools/bin/../lib/gcc/arm-atollic-eabi/5.3.1/../../../../arm-atollic-eabi/lib/armv7e-m/fpu\libc.a(lib_a-strtok_r.o)
                0x08004a8c                __strtok_r
 *fill*         0x08004ae2        0x2 
 .text.time     0x08004ae4       0x28 c:/program files (x86)/atollic/truestudio for arm 7.1.1/armtools/bin/../lib/gcc/arm-atollic-eabi/5.3.1/../../../../arm-atollic-eabi/lib/armv7e-m/fpu\libc.a(lib_a-time.o)
                0x08004ae4                time
 .text.__tzcalc_limits
                0x08004b0c      0x150 c:/program files (x86)/atollic/truestudio for arm 7.1.1/armtools/bin/../lib/gcc/arm-atollic-eabi/5.3.1/../../../../arm-atollic-eabi/lib/armv7e-m/fpu\libc.a(lib_a-tzcalc_limits.o)
                0x08004b0c                __tzcalc_limits
 .text.__tz_lock
                0x08004c5c        0x2 c:/program files (x86)/atollic/truestudio for arm 7.1.1/armtools/bin/../lib/gcc/arm-atollic-eabi/5.3.1/../../../../arm-atollic-eabi/lib/armv7e-m/fpu\libc.a(lib_a-tzlock.o)
                0x08004c5c                __tz_lock
 .text.__tz_unlock
                0x08004c5e        0x2 c:/program files (x86)/atollic/truestudio for arm 7.1.1/armtools/bin/../lib/gcc/arm-atollic-eabi/5.3.1/../../../../arm-atollic-eabi/lib/armv7e-m/fpu\libc.a(lib_a-tzlock.o)
                0x08004c5e                __tz_unlock
 .text._tzset_unlocked
                0x08004c60        0xc c:/program files (x86)/atollic/truestudio for arm 7.1.1/armtools/bin/../lib/gcc/arm-atollic-eabi/5.3.1/../../../../arm-atollic-eabi/lib/armv7e-m/fpu\libc.a(lib_a-tzset.o)
                0x08004c60                _tzset_unlocked
 .text._tzset_unlocked_r
                0x08004c6c      0x300 c:/program files (x86)/atollic/truestudio for arm 7.1.1/armtools/bin/../lib/gcc/arm-atollic-eabi/5.3.1/../../../../arm-atollic-eabi/lib/armv7e-m/fpu\libc.a(lib_a-tzset_r.o)
                0x08004c6c                _tzset_unlocked_r
 .text.div      0x08004f6c       0x28 c:/program files (x86)/atollic/truestudio for arm 7.1.1/armtools/bin/../lib/gcc/arm-atollic-eabi/5.3.1/../../../../arm-atollic-eabi/lib/armv7e-m/fpu\libc.a(lib_a-div.o)
                0x08004f6c                div
 .text._malloc_trim_r
                0x08004f94       0xac c:/program files (x86)/atollic/truestudio for arm 7.1.1/armtools/bin/../lib/gcc/arm-atollic-eabi/5.3.1/../../../../arm-atollic-eabi/lib/armv7e-m/fpu\libc.a(lib_a-freer.o)
                0x08004f94                _malloc_trim_r
 .text._free_r  0x08005040      0x17c c:/program files (x86)/atollic/truestudio for arm 7.1.1/armtools/bin/../lib/gcc/arm-atollic-eabi/5.3.1/../../../../arm-atollic-eabi/lib/armv7e-m/fpu\libc.a(lib_a-freer.o)
                0x08005040                _free_r
 .text.rshift   0x080051bc       0x6c c:/program files (x86)/atollic/truestudio for arm 7.1.1/armtools/bin/../lib/gcc/arm-atollic-eabi/5.3.1/../../../../arm-atollic-eabi/lib/armv7e-m/fpu\libc.a(lib_a-gdtoa-gethex.o)
 .text.__hexdig_fun
                0x08005228       0x2a c:/program files (x86)/atollic/truestudio for arm 7.1.1/armtools/bin/../lib/gcc/arm-atollic-eabi/5.3.1/../../../../arm-atollic-eabi/lib/armv7e-m/fpu\libc.a(lib_a-gdtoa-gethex.o)
                0x08005228                __hexdig_fun
 .text.__gethex
                0x08005252      0x43e c:/program files (x86)/atollic/truestudio for arm 7.1.1/armtools/bin/../lib/gcc/arm-atollic-eabi/5.3.1/../../../../arm-atollic-eabi/lib/armv7e-m/fpu\libc.a(lib_a-gdtoa-gethex.o)
                0x08005252                __gethex
 .text.L_shift  0x08005690       0x24 c:/program files (x86)/atollic/truestudio for arm 7.1.1/armtools/bin/../lib/gcc/arm-atollic-eabi/5.3.1/../../../../arm-atollic-eabi/lib/armv7e-m/fpu\libc.a(lib_a-gdtoa-hexnan.o)
 .text.__match  0x080056b4       0x26 c:/program files (x86)/atollic/truestudio for arm 7.1.1/armtools/bin/../lib/gcc/arm-atollic-eabi/5.3.1/../../../../arm-atollic-eabi/lib/armv7e-m/fpu\libc.a(lib_a-gdtoa-hexnan.o)
                0x080056b4                __match
 .text.__hexnan
                0x080056da      0x11c c:/program files (x86)/atollic/truestudio for arm 7.1.1/armtools/bin/../lib/gcc/arm-atollic-eabi/5.3.1/../../../../arm-atollic-eabi/lib/armv7e-m/fpu\libc.a(lib_a-gdtoa-hexnan.o)
                0x080056da                __hexnan
 *fill*         0x080057f6        0x2 
 .text._findenv_r
                0x080057f8       0x78 c:/program files (x86)/atollic/truestudio for arm 7.1.1/armtools/bin/../lib/gcc/arm-atollic-eabi/5.3.1/../../../../arm-atollic-eabi/lib/armv7e-m/fpu\libc.a(lib_a-getenv_r.o)
                0x080057f8                _findenv_r
 .text._getenv_r
                0x08005870        0xe c:/program files (x86)/atollic/truestudio for arm 7.1.1/armtools/bin/../lib/gcc/arm-atollic-eabi/5.3.1/../../../../arm-atollic-eabi/lib/armv7e-m/fpu\libc.a(lib_a-getenv_r.o)
                0x08005870                _getenv_r
 *fill*         0x0800587e        0x2 
 .text._gettimeofday_r
                0x08005880       0x24 c:/program files (x86)/atollic/truestudio for arm 7.1.1/armtools/bin/../lib/gcc/arm-atollic-eabi/5.3.1/../../../../arm-atollic-eabi/lib/armv7e-m/fpu\libc.a(lib_a-gettimeofdayr.o)
                0x08005880                _gettimeofday_r
 .text.__gettzinfo
                0x080058a4        0x8 c:/program files (x86)/atollic/truestudio for arm 7.1.1/armtools/bin/../lib/gcc/arm-atollic-eabi/5.3.1/../../../../arm-atollic-eabi/lib/armv7e-m/fpu\libc.a(lib_a-gettzinfo.o)
                0x080058a4                __gettzinfo
 .text.gmtime_r
                0x080058ac      0x130 c:/program files (x86)/atollic/truestudio for arm 7.1.1/armtools/bin/../lib/gcc/arm-atollic-eabi/5.3.1/../../../../arm-atollic-eabi/lib/armv7e-m/fpu\libc.a(lib_a-gmtime_r.o)
                0x080058ac                gmtime_r
 .text.__locale_charset
                0x080059dc        0x8 c:/program files (x86)/atollic/truestudio for arm 7.1.1/armtools/bin/../lib/gcc/arm-atollic-eabi/5.3.1/../../../../arm-atollic-eabi/lib/armv7e-m/fpu\libc.a(lib_a-locale.o)
                0x080059dc                __locale_charset
 .text.__locale_mb_cur_max
                0x080059e4        0xc c:/program files (x86)/atollic/truestudio for arm 7.1.1/armtools/bin/../lib/gcc/arm-atollic-eabi/5.3.1/../../../../arm-atollic-eabi/lib/armv7e-m/fpu\libc.a(lib_a-locale.o)
                0x080059e4                __locale_mb_cur_max
 .text._localeconv_r
                0x080059f0        0x8 c:/program files (x86)/atollic/truestudio for arm 7.1.1/armtools/bin/../lib/gcc/arm-atollic-eabi/5.3.1/../../../../arm-atollic-eabi/lib/armv7e-m/fpu\libc.a(lib_a-locale.o)
                0x080059f0                _localeconv_r
 .text._Balloc  0x080059f8       0x6a c:/program files (x86)/atollic/truestudio for arm 7.1.1/armtools/bin/../lib/gcc/arm-atollic-eabi/5.3.1/../../../../arm-atollic-eabi/lib/armv7e-m/fpu\libc.a(lib_a-mprec.o)
                0x080059f8                _Balloc
 .text._Bfree   0x08005a62       0x2e c:/program files (x86)/atollic/truestudio for arm 7.1.1/armtools/bin/../lib/gcc/arm-atollic-eabi/5.3.1/../../../../arm-atollic-eabi/lib/armv7e-m/fpu\libc.a(lib_a-mprec.o)
                0x08005a62                _Bfree
 .text.__multadd
                0x08005a90       0x76 c:/program files (x86)/atollic/truestudio for arm 7.1.1/armtools/bin/../lib/gcc/arm-atollic-eabi/5.3.1/../../../../arm-atollic-eabi/lib/armv7e-m/fpu\libc.a(lib_a-mprec.o)
                0x08005a90                __multadd
 .text.__s2b    0x08005b06       0x7c c:/program files (x86)/atollic/truestudio for arm 7.1.1/armtools/bin/../lib/gcc/arm-atollic-eabi/5.3.1/../../../../arm-atollic-eabi/lib/armv7e-m/fpu\libc.a(lib_a-mprec.o)
                0x08005b06                __s2b
 .text.__hi0bits
                0x08005b82       0x40 c:/program files (x86)/atollic/truestudio for arm 7.1.1/armtools/bin/../lib/gcc/arm-atollic-eabi/5.3.1/../../../../arm-atollic-eabi/lib/armv7e-m/fpu\libc.a(lib_a-mprec.o)
                0x08005b82                __hi0bits
 .text.__lo0bits
                0x08005bc2       0x5a c:/program files (x86)/atollic/truestudio for arm 7.1.1/armtools/bin/../lib/gcc/arm-atollic-eabi/5.3.1/../../../../arm-atollic-eabi/lib/armv7e-m/fpu\libc.a(lib_a-mprec.o)
                0x08005bc2                __lo0bits
 .text.__i2b    0x08005c1c       0x12 c:/program files (x86)/atollic/truestudio for arm 7.1.1/armtools/bin/../lib/gcc/arm-atollic-eabi/5.3.1/../../../../arm-atollic-eabi/lib/armv7e-m/fpu\libc.a(lib_a-mprec.o)
                0x08005c1c                __i2b
 .text.__multiply
                0x08005c2e      0x122 c:/program files (x86)/atollic/truestudio for arm 7.1.1/armtools/bin/../lib/gcc/arm-atollic-eabi/5.3.1/../../../../arm-atollic-eabi/lib/armv7e-m/fpu\libc.a(lib_a-mprec.o)
                0x08005c2e                __multiply
 .text.__pow5mult
                0x08005d50       0x9c c:/program files (x86)/atollic/truestudio for arm 7.1.1/armtools/bin/../lib/gcc/arm-atollic-eabi/5.3.1/../../../../arm-atollic-eabi/lib/armv7e-m/fpu\libc.a(lib_a-mprec.o)
                0x08005d50                __pow5mult
 .text.__lshift
                0x08005dec       0xa2 c:/program files (x86)/atollic/truestudio for arm 7.1.1/armtools/bin/../lib/gcc/arm-atollic-eabi/5.3.1/../../../../arm-atollic-eabi/lib/armv7e-m/fpu\libc.a(lib_a-mprec.o)
                0x08005dec                __lshift
 .text.__mcmp   0x08005e8e       0x38 c:/program files (x86)/atollic/truestudio for arm 7.1.1/armtools/bin/../lib/gcc/arm-atollic-eabi/5.3.1/../../../../arm-atollic-eabi/lib/armv7e-m/fpu\libc.a(lib_a-mprec.o)
                0x08005e8e                __mcmp
 .text.__mdiff  0x08005ec6       0xbe c:/program files (x86)/atollic/truestudio for arm 7.1.1/armtools/bin/../lib/gcc/arm-atollic-eabi/5.3.1/../../../../arm-atollic-eabi/lib/armv7e-m/fpu\libc.a(lib_a-mprec.o)
                0x08005ec6                __mdiff
 .text.__ulp    0x08005f84       0x50 c:/program files (x86)/atollic/truestudio for arm 7.1.1/armtools/bin/../lib/gcc/arm-atollic-eabi/5.3.1/../../../../arm-atollic-eabi/lib/armv7e-m/fpu\libc.a(lib_a-mprec.o)
                0x08005f84                __ulp
 .text.__b2d    0x08005fd4       0x9a c:/program files (x86)/atollic/truestudio for arm 7.1.1/armtools/bin/../lib/gcc/arm-atollic-eabi/5.3.1/../../../../arm-atollic-eabi/lib/armv7e-m/fpu\libc.a(lib_a-mprec.o)
                0x08005fd4                __b2d
 .text.__d2b    0x0800606e       0x9c c:/program files (x86)/atollic/truestudio for arm 7.1.1/armtools/bin/../lib/gcc/arm-atollic-eabi/5.3.1/../../../../arm-atollic-eabi/lib/armv7e-m/fpu\libc.a(lib_a-mprec.o)
                0x0800606e                __d2b
 .text.__ratio  0x0800610a       0x54 c:/program files (x86)/atollic/truestudio for arm 7.1.1/armtools/bin/../lib/gcc/arm-atollic-eabi/5.3.1/../../../../arm-atollic-eabi/lib/armv7e-m/fpu\libc.a(lib_a-mprec.o)
                0x0800610a                __ratio
 .text.__copybits
                0x0800615e       0x34 c:/program files (x86)/atollic/truestudio for arm 7.1.1/armtools/bin/../lib/gcc/arm-atollic-eabi/5.3.1/../../../../arm-atollic-eabi/lib/armv7e-m/fpu\libc.a(lib_a-mprec.o)
                0x0800615e                __copybits
 .text.__any_on
                0x08006192       0x44 c:/program files (x86)/atollic/truestudio for arm 7.1.1/armtools/bin/../lib/gcc/arm-atollic-eabi/5.3.1/../../../../arm-atollic-eabi/lib/armv7e-m/fpu\libc.a(lib_a-mprec.o)
                0x08006192                __any_on
 *fill*         0x080061d6        0x2 
 .text.siscanf  0x080061d8       0x54 c:/program files (x86)/atollic/truestudio for arm 7.1.1/armtools/bin/../lib/gcc/arm-atollic-eabi/5.3.1/../../../../arm-atollic-eabi/lib/armv7e-m/fpu\libc.a(lib_a-siscanf.o)
                0x080061d8                siscanf
 .text.__seofread
                0x0800622c        0x4 c:/program files (x86)/atollic/truestudio for arm 7.1.1/armtools/bin/../lib/gcc/arm-atollic-eabi/5.3.1/../../../../arm-atollic-eabi/lib/armv7e-m/fpu\libc.a(lib_a-stdio.o)
                0x0800622c                __seofread
 .text.strcpy   0x08006230       0x10 c:/program files (x86)/atollic/truestudio for arm 7.1.1/armtools/bin/../lib/gcc/arm-atollic-eabi/5.3.1/../../../../arm-atollic-eabi/lib/armv7e-m/fpu\libc.a(lib_a-strcpy.o)
                0x08006230                strcpy
 .text.strncmp  0x08006240       0x2a c:/program files (x86)/atollic/truestudio for arm 7.1.1/armtools/bin/../lib/gcc/arm-atollic-eabi/5.3.1/../../../../arm-atollic-eabi/lib/armv7e-m/fpu\libc.a(lib_a-strncmp.o)
                0x08006240                strncmp
 *fill*         0x0800626a        0x2 
 .text._strtoul_r
                0x0800626c       0xfc c:/program files (x86)/atollic/truestudio for arm 7.1.1/armtools/bin/../lib/gcc/arm-atollic-eabi/5.3.1/../../../../arm-atollic-eabi/lib/armv7e-m/fpu\libc.a(lib_a-strtoul.o)
                0x0800626c                _strtoul_r
 .text.strtoul  0x08006368       0x14 c:/program files (x86)/atollic/truestudio for arm 7.1.1/armtools/bin/../lib/gcc/arm-atollic-eabi/5.3.1/../../../../arm-atollic-eabi/lib/armv7e-m/fpu\libc.a(lib_a-strtoul.o)
                0x08006368                strtoul
 .text._sungetc_r
                0x0800637c       0x7c c:/program files (x86)/atollic/truestudio for arm 7.1.1/armtools/bin/../lib/gcc/arm-atollic-eabi/5.3.1/../../../../arm-atollic-eabi/lib/armv7e-m/fpu\libc.a(lib_a-svfiscanf.o)
                0x0800637c                _sungetc_r
 .text.__ssrefill_r
                0x080063f8       0x3a c:/program files (x86)/atollic/truestudio for arm 7.1.1/armtools/bin/../lib/gcc/arm-atollic-eabi/5.3.1/../../../../arm-atollic-eabi/lib/armv7e-m/fpu\libc.a(lib_a-svfiscanf.o)
                0x080063f8                __ssrefill_r
 .text._sfread_r
                0x08006432       0x70 c:/program files (x86)/atollic/truestudio for arm 7.1.1/armtools/bin/../lib/gcc/arm-atollic-eabi/5.3.1/../../../../arm-atollic-eabi/lib/armv7e-m/fpu\libc.a(lib_a-svfiscanf.o)
                0x08006432                _sfread_r
 *fill*         0x080064a2        0x2 
 .text.__ssvfiscanf_r
                0x080064a4      0x750 c:/program files (x86)/atollic/truestudio for arm 7.1.1/armtools/bin/../lib/gcc/arm-atollic-eabi/5.3.1/../../../../arm-atollic-eabi/lib/armv7e-m/fpu\libc.a(lib_a-svfiscanf.o)
                0x080064a4                __ssvfiscanf_r
 .text.__submore
                0x08006bf4       0x76 c:/program files (x86)/atollic/truestudio for arm 7.1.1/armtools/bin/../lib/gcc/arm-atollic-eabi/5.3.1/../../../../arm-atollic-eabi/lib/armv7e-m/fpu\libc.a(lib_a-ungetc.o)
                0x08006bf4                __submore
 .text._calloc_r
                0x08006c6a       0x5a c:/program files (x86)/atollic/truestudio for arm 7.1.1/armtools/bin/../lib/gcc/arm-atollic-eabi/5.3.1/../../../../arm-atollic-eabi/lib/armv7e-m/fpu\libc.a(lib_a-callocr.o)
                0x08006c6a                _calloc_r
 .text.__env_lock
                0x08006cc4        0x2 c:/program files (x86)/atollic/truestudio for arm 7.1.1/armtools/bin/../lib/gcc/arm-atollic-eabi/5.3.1/../../../../arm-atollic-eabi/lib/armv7e-m/fpu\libc.a(lib_a-envlock.o)
                0x08006cc4                __env_lock
 .text.__env_unlock
                0x08006cc6        0x2 c:/program files (x86)/atollic/truestudio for arm 7.1.1/armtools/bin/../lib/gcc/arm-atollic-eabi/5.3.1/../../../../arm-atollic-eabi/lib/armv7e-m/fpu\libc.a(lib_a-envlock.o)
                0x08006cc6                __env_unlock
 .text.iswspace
                0x08006cc8       0x1c c:/program files (x86)/atollic/truestudio for arm 7.1.1/armtools/bin/../lib/gcc/arm-atollic-eabi/5.3.1/../../../../arm-atollic-eabi/lib/armv7e-m/fpu\libc.a(lib_a-iswspace.o)
                0x08006cc8                iswspace
 .text._mbrtowc_r
                0x08006ce4       0x50 c:/program files (x86)/atollic/truestudio for arm 7.1.1/armtools/bin/../lib/gcc/arm-atollic-eabi/5.3.1/../../../../arm-atollic-eabi/lib/armv7e-m/fpu\libc.a(lib_a-mbrtowc.o)
                0x08006ce4                _mbrtowc_r
 .text.__ascii_mbtowc
                0x08006d34       0x24 c:/program files (x86)/atollic/truestudio for arm 7.1.1/armtools/bin/../lib/gcc/arm-atollic-eabi/5.3.1/../../../../arm-atollic-eabi/lib/armv7e-m/fpu\libc.a(lib_a-mbtowc_r.o)
                0x08006d34                __ascii_mbtowc
 .text.memmove  0x08006d58       0x36 c:/program files (x86)/atollic/truestudio for arm 7.1.1/armtools/bin/../lib/gcc/arm-atollic-eabi/5.3.1/../../../../arm-atollic-eabi/lib/armv7e-m/fpu\libc.a(lib_a-memmove.o)
                0x08006d58                memmove
 *fill*         0x08006d8e        0x2 
 .text._realloc_r
                0x08006d90      0x350 c:/program files (x86)/atollic/truestudio for arm 7.1.1/armtools/bin/../lib/gcc/arm-atollic-eabi/5.3.1/../../../../arm-atollic-eabi/lib/armv7e-m/fpu\libc.a(lib_a-reallocr.o)
                0x08006d90                _realloc_r
 .text.__sccl   0x080070e0       0x62 c:/program files (x86)/atollic/truestudio for arm 7.1.1/armtools/bin/../lib/gcc/arm-atollic-eabi/5.3.1/../../../../arm-atollic-eabi/lib/armv7e-m/fpu\libc.a(lib_a-sccl.o)
                0x080070e0                __sccl
 *fill*         0x08007142        0x2 
 .text._strtol_r
                0x08007144      0x10c c:/program files (x86)/atollic/truestudio for arm 7.1.1/armtools/bin/../lib/gcc/arm-atollic-eabi/5.3.1/../../../../arm-atollic-eabi/lib/armv7e-m/fpu\libc.a(lib_a-strtol.o)
                0x08007144                _strtol_r
 .text._strtoll_r
                0x08007250      0x160 c:/program files (x86)/atollic/truestudio for arm 7.1.1/armtools/bin/../lib/gcc/arm-atollic-eabi/5.3.1/../../../../arm-atollic-eabi/lib/armv7e-m/fpu\libc.a(lib_a-strtoll_r.o)
                0x08007250                _strtoll_r
 .text._strtoull_r
                0x080073b0      0x154 c:/program files (x86)/atollic/truestudio for arm 7.1.1/armtools/bin/../lib/gcc/arm-atollic-eabi/5.3.1/../../../../arm-atollic-eabi/lib/armv7e-m/fpu\libc.a(lib_a-strtoull_r.o)
                0x080073b0                _strtoull_r
 .text._gettimeofday
                0x08007504       0x10 c:/program files (x86)/atollic/truestudio for arm 7.1.1/armtools/bin/../lib/gcc/arm-atollic-eabi/5.3.1/../../../../arm-atollic-eabi/lib/armv7e-m/fpu\libnosys.a(gettod.o)
                0x08007504                _gettimeofday
 .text._sbrk    0x08007514       0x1c c:/program files (x86)/atollic/truestudio for arm 7.1.1/armtools/bin/../lib/gcc/arm-atollic-eabi/5.3.1/../../../../arm-atollic-eabi/lib/armv7e-m/fpu\libnosys.a(sbrk.o)
                0x08007514                _sbrk
 *(.glue_7)
 .glue_7        0x08007530        0x0 linker stubs
 *(.glue_7t)
 .glue_7t       0x08007530        0x0 linker stubs
 *(.eh_frame)
 .eh_frame      0x08007530        0x0 c:/program files (x86)/atollic/truestudio for arm 7.1.1/armtools/bin/../lib/gcc/arm-atollic-eabi/5.3.1/armv7e-m/fpu/crtbegin.o
 *(.init)
 .init          0x08007530        0x4 c:/program files (x86)/atollic/truestudio for arm 7.1.1/armtools/bin/../lib/gcc/arm-atollic-eabi/5.3.1/armv7e-m/fpu/crti.o
                0x08007530                _init
 .init          0x08007534        0x8 c:/program files (x86)/atollic/truestudio for arm 7.1.1/armtools/bin/../lib/gcc/arm-atollic-eabi/5.3.1/armv7e-m/fpu/crtn.o
 *(.fini)
 .fini          0x0800753c        0x4 c:/program files (x86)/atollic/truestudio for arm 7.1.1/armtools/bin/../lib/gcc/arm-atollic-eabi/5.3.1/armv7e-m/fpu/crti.o
                0x0800753c                _fini
 .fini          0x08007540        0x8 c:/program files (x86)/atollic/truestudio for arm 7.1.1/armtools/bin/../lib/gcc/arm-atollic-eabi/5.3.1/armv7e-m/fpu/crtn.o
                0x08007548                . = ALIGN (0x4)
                0x08007548                _etext = .

.vfp11_veneer   0x08007548        0x0
 .vfp11_veneer  0x08007548        0x0 linker stubs

.v4_bx          0x08007548        0x0
 .v4_bx         0x08007548        0x0 linker stubs

.iplt           0x08007548        0x0
 .iplt          0x08007548        0x0 c:/program files (x86)/atollic/truestudio for arm 7.1.1/armtools/bin/../lib/gcc/arm-atollic-eabi/5.3.1/armv7e-m/fpu/crtbegin.o

.rodata         0x08007548      0x448
                0x08007548                . = ALIGN (0x4)
 *(.rodata)
 .rodata        0x08007548       0x10 GPS\GPS.o
 .rodata        0x08007558       0x4a src\Iridium.o
 *(.rodata*)
 *fill*         0x080075a2        0x2 
 .rodata.GPIO_PIN
                0x080075a4        0x8 Utilities\STM32F4-Discovery\stm32f4_discovery.o
                0x080075a4                GPIO_PIN
 .rodata._DAYS_BEFORE_MONTH
                0x080075ac       0x30 c:/program files (x86)/atollic/truestudio for arm 7.1.1/armtools/bin/../lib/gcc/arm-atollic-eabi/5.3.1/../../../../arm-atollic-eabi/lib/armv7e-m/fpu\libc.a(lib_a-mktime.o)
 .rodata.DAYS_IN_MONTH
                0x080075dc       0x30 c:/program files (x86)/atollic/truestudio for arm 7.1.1/armtools/bin/../lib/gcc/arm-atollic-eabi/5.3.1/../../../../arm-atollic-eabi/lib/armv7e-m/fpu\libc.a(lib_a-mktime.o)
 .rodata.__month_lengths
                0x0800760c       0x60 c:/program files (x86)/atollic/truestudio for arm 7.1.1/armtools/bin/../lib/gcc/arm-atollic-eabi/5.3.1/../../../../arm-atollic-eabi/lib/armv7e-m/fpu\libc.a(lib_a-month_lengths.o)
                0x0800760c                __month_lengths
 .rodata.fpi.5345
                0x0800766c       0x14 c:/program files (x86)/atollic/truestudio for arm 7.1.1/armtools/bin/../lib/gcc/arm-atollic-eabi/5.3.1/../../../../arm-atollic-eabi/lib/armv7e-m/fpu\libc.a(lib_a-strtod.o)
 .rodata.str1.1
                0x08007680        0xc c:/program files (x86)/atollic/truestudio for arm 7.1.1/armtools/bin/../lib/gcc/arm-atollic-eabi/5.3.1/../../../../arm-atollic-eabi/lib/armv7e-m/fpu\libc.a(lib_a-strtod.o)
 .rodata.fpinan.5381
                0x0800768c       0x14 c:/program files (x86)/atollic/truestudio for arm 7.1.1/armtools/bin/../lib/gcc/arm-atollic-eabi/5.3.1/../../../../arm-atollic-eabi/lib/armv7e-m/fpu\libc.a(lib_a-strtod.o)
 .rodata.tinytens
                0x080076a0       0x28 c:/program files (x86)/atollic/truestudio for arm 7.1.1/armtools/bin/../lib/gcc/arm-atollic-eabi/5.3.1/../../../../arm-atollic-eabi/lib/armv7e-m/fpu\libc.a(lib_a-strtod.o)
 .rodata.str1.1
                0x080076c8       0x3c c:/program files (x86)/atollic/truestudio for arm 7.1.1/armtools/bin/../lib/gcc/arm-atollic-eabi/5.3.1/../../../../arm-atollic-eabi/lib/armv7e-m/fpu\libc.a(lib_a-tzset_r.o)
                                 0x4e (size before relaxing)
 .rodata.str1.1
                0x08007704        0x4 c:/program files (x86)/atollic/truestudio for arm 7.1.1/armtools/bin/../lib/gcc/arm-atollic-eabi/5.3.1/../../../../arm-atollic-eabi/lib/armv7e-m/fpu\libc.a(lib_a-tzvars.o)
 .rodata._ctype_
                0x08007704      0x101 c:/program files (x86)/atollic/truestudio for arm 7.1.1/armtools/bin/../lib/gcc/arm-atollic-eabi/5.3.1/../../../../arm-atollic-eabi/lib/armv7e-m/fpu\libc.a(lib_a-ctype_.o)
                0x08007704                _ctype_
 .rodata.str1.1
                0x08007805        0x2 c:/program files (x86)/atollic/truestudio for arm 7.1.1/armtools/bin/../lib/gcc/arm-atollic-eabi/5.3.1/../../../../arm-atollic-eabi/lib/armv7e-m/fpu\libc.a(lib_a-impure.o)
 .rodata.str1.1
                0x08007807        0x8 c:/program files (x86)/atollic/truestudio for arm 7.1.1/armtools/bin/../lib/gcc/arm-atollic-eabi/5.3.1/../../../../arm-atollic-eabi/lib/armv7e-m/fpu\libc.a(lib_a-locale.o)
                                  0xb (size before relaxing)
 *fill*         0x0800780f        0x1 
 .rodata.__mprec_tens
                0x08007810       0xc8 c:/program files (x86)/atollic/truestudio for arm 7.1.1/armtools/bin/../lib/gcc/arm-atollic-eabi/5.3.1/../../../../arm-atollic-eabi/lib/armv7e-m/fpu\libc.a(lib_a-mprec.o)
                0x08007810                __mprec_tens
 .rodata.__mprec_bigtens
                0x080078d8       0x28 c:/program files (x86)/atollic/truestudio for arm 7.1.1/armtools/bin/../lib/gcc/arm-atollic-eabi/5.3.1/../../../../arm-atollic-eabi/lib/armv7e-m/fpu\libc.a(lib_a-mprec.o)
                0x080078d8                __mprec_bigtens
 .rodata.p05.5388
                0x08007900        0xc c:/program files (x86)/atollic/truestudio for arm 7.1.1/armtools/bin/../lib/gcc/arm-atollic-eabi/5.3.1/../../../../arm-atollic-eabi/lib/armv7e-m/fpu\libc.a(lib_a-mprec.o)
 .rodata.basefix.6461
                0x0800790c       0x22 c:/program files (x86)/atollic/truestudio for arm 7.1.1/armtools/bin/../lib/gcc/arm-atollic-eabi/5.3.1/../../../../arm-atollic-eabi/lib/armv7e-m/fpu\libc.a(lib_a-svfiscanf.o)
 *fill*         0x0800792e        0x2 
 .rodata.__sf_fake_stdin
                0x08007930       0x20 c:/program files (x86)/atollic/truestudio for arm 7.1.1/armtools/bin/../lib/gcc/arm-atollic-eabi/5.3.1/../../../../arm-atollic-eabi/lib/armv7e-m/fpu\libc.a(lib_a-findfp.o)
                0x08007930                __sf_fake_stdin
 .rodata.__sf_fake_stdout
                0x08007950       0x20 c:/program files (x86)/atollic/truestudio for arm 7.1.1/armtools/bin/../lib/gcc/arm-atollic-eabi/5.3.1/../../../../arm-atollic-eabi/lib/armv7e-m/fpu\libc.a(lib_a-findfp.o)
                0x08007950                __sf_fake_stdout
 .rodata.__sf_fake_stderr
                0x08007970       0x20 c:/program files (x86)/atollic/truestudio for arm 7.1.1/armtools/bin/../lib/gcc/arm-atollic-eabi/5.3.1/../../../../arm-atollic-eabi/lib/armv7e-m/fpu\libc.a(lib_a-findfp.o)
                0x08007970                __sf_fake_stderr
 .rodata.str1.1
                0x08007990        0x1 c:/program files (x86)/atollic/truestudio for arm 7.1.1/armtools/bin/../lib/gcc/arm-atollic-eabi/5.3.1/../../../../arm-atollic-eabi/lib/armv7e-m/fpu\libc.a(lib_a-mbrtowc.o)
                0x08007994                . = ALIGN (0x4)

.ARM.extab
 *(.ARM.extab* .gnu.linkonce.armextab.*)

.ARM            0x08007990        0x8
                0x08007990                __exidx_start = .
 *(.ARM.exidx*)
 .ARM.exidx     0x08007990        0x8 c:/program files (x86)/atollic/truestudio for arm 7.1.1/armtools/bin/../lib/gcc/arm-atollic-eabi/5.3.1/armv7e-m/fpu\libgcc.a(_udivmoddi4.o)
                0x08007998                __exidx_end = .

.rel.dyn        0x08007998        0x0
 .rel.iplt      0x08007998        0x0 c:/program files (x86)/atollic/truestudio for arm 7.1.1/armtools/bin/../lib/gcc/arm-atollic-eabi/5.3.1/armv7e-m/fpu/crtbegin.o

.preinit_array  0x08007998        0x0
                0x08007998                PROVIDE (__preinit_array_start, .)
 *(.preinit_array*)
                0x08007998                PROVIDE (__preinit_array_end, .)

.init_array     0x08007998        0x4
                0x08007998                PROVIDE (__init_array_start, .)
 *(SORT(.init_array.*))
 *(.init_array*)
 .init_array    0x08007998        0x4 c:/program files (x86)/atollic/truestudio for arm 7.1.1/armtools/bin/../lib/gcc/arm-atollic-eabi/5.3.1/armv7e-m/fpu/crtbegin.o
                0x0800799c                PROVIDE (__init_array_end, .)

.fini_array     0x0800799c        0x4
                [!provide]                PROVIDE (__fini_array_start, .)
 *(SORT(.fini_array.*))
 *(.fini_array*)
 .fini_array    0x0800799c        0x4 c:/program files (x86)/atollic/truestudio for arm 7.1.1/armtools/bin/../lib/gcc/arm-atollic-eabi/5.3.1/armv7e-m/fpu/crtbegin.o
                [!provide]                PROVIDE (__fini_array_end, .)
                0x080079a0                _sidata = LOADADDR (.data)

.data           0x20000000      0x5e8 load address 0x080079a0
                0x20000000                . = ALIGN (0x4)
                0x20000000                _sdata = .
 *(.data)
 *(.data*)
 .data.APBAHBPrescTable
                0x20000000       0x10 Libraries\STM32F4xx_StdPeriph_Driver\src\stm32f4xx_rcc.o
 .data.GPIO_PORT
                0x20000010       0x10 Utilities\STM32F4-Discovery\stm32f4_discovery.o
                0x20000010                GPIO_PORT
 .data.SystemCoreClock
                0x20000020        0x4 src\system_stm32f4xx.o
                0x20000020                SystemCoreClock
 .data.AHBPrescTable
                0x20000024       0x10 src\system_stm32f4xx.o
                0x20000024                AHBPrescTable
 .data.__malloc_av_
                0x20000034      0x408 c:/program files (x86)/atollic/truestudio for arm 7.1.1/armtools/bin/../lib/gcc/arm-atollic-eabi/5.3.1/../../../../arm-atollic-eabi/lib/armv7e-m/fpu\libc.a(lib_a-mallocr.o)
                0x20000034                __malloc_av_
 .data.__malloc_trim_threshold
                0x2000043c        0x4 c:/program files (x86)/atollic/truestudio for arm 7.1.1/armtools/bin/../lib/gcc/arm-atollic-eabi/5.3.1/../../../../arm-atollic-eabi/lib/armv7e-m/fpu\libc.a(lib_a-mallocr.o)
                0x2000043c                __malloc_trim_threshold
 .data.__malloc_sbrk_base
                0x20000440        0x4 c:/program files (x86)/atollic/truestudio for arm 7.1.1/armtools/bin/../lib/gcc/arm-atollic-eabi/5.3.1/../../../../arm-atollic-eabi/lib/armv7e-m/fpu\libc.a(lib_a-mallocr.o)
                0x20000440                __malloc_sbrk_base
 .data._tzname  0x20000444        0x8 c:/program files (x86)/atollic/truestudio for arm 7.1.1/armtools/bin/../lib/gcc/arm-atollic-eabi/5.3.1/../../../../arm-atollic-eabi/lib/armv7e-m/fpu\libc.a(lib_a-tzvars.o)
                0x20000444                _tzname
 .data.__ctype_ptr__
                0x2000044c        0x4 c:/program files (x86)/atollic/truestudio for arm 7.1.1/armtools/bin/../lib/gcc/arm-atollic-eabi/5.3.1/../../../../arm-atollic-eabi/lib/armv7e-m/fpu\libc.a(lib_a-ctype_.o)
                0x2000044c                __ctype_ptr__
 .data.tzinfo   0x20000450       0x40 c:/program files (x86)/atollic/truestudio for arm 7.1.1/armtools/bin/../lib/gcc/arm-atollic-eabi/5.3.1/../../../../arm-atollic-eabi/lib/armv7e-m/fpu\libc.a(lib_a-gettzinfo.o)
 .data.impure_data
                0x20000490       0xf0 c:/program files (x86)/atollic/truestudio for arm 7.1.1/armtools/bin/../lib/gcc/arm-atollic-eabi/5.3.1/../../../../arm-atollic-eabi/lib/armv7e-m/fpu\libc.a(lib_a-impure.o)
 .data._impure_ptr
                0x20000580        0x4 c:/program files (x86)/atollic/truestudio for arm 7.1.1/armtools/bin/../lib/gcc/arm-atollic-eabi/5.3.1/../../../../arm-atollic-eabi/lib/armv7e-m/fpu\libc.a(lib_a-impure.o)
                0x20000580                _impure_ptr
 .data.lconv    0x20000584       0x38 c:/program files (x86)/atollic/truestudio for arm 7.1.1/armtools/bin/../lib/gcc/arm-atollic-eabi/5.3.1/../../../../arm-atollic-eabi/lib/armv7e-m/fpu\libc.a(lib_a-locale.o)
 .data.lc_ctype_charset
                0x200005bc       0x20 c:/program files (x86)/atollic/truestudio for arm 7.1.1/armtools/bin/../lib/gcc/arm-atollic-eabi/5.3.1/../../../../arm-atollic-eabi/lib/armv7e-m/fpu\libc.a(lib_a-locale.o)
 .data.__mb_cur_max
                0x200005dc        0x4 c:/program files (x86)/atollic/truestudio for arm 7.1.1/armtools/bin/../lib/gcc/arm-atollic-eabi/5.3.1/../../../../arm-atollic-eabi/lib/armv7e-m/fpu\libc.a(lib_a-locale.o)
                0x200005dc                __mb_cur_max
 .data.environ  0x200005e0        0x4 c:/program files (x86)/atollic/truestudio for arm 7.1.1/armtools/bin/../lib/gcc/arm-atollic-eabi/5.3.1/../../../../arm-atollic-eabi/lib/armv7e-m/fpu\libc.a(lib_a-environ.o)
                0x200005e0                environ
 .data.__mbtowc
                0x200005e4        0x4 c:/program files (x86)/atollic/truestudio for arm 7.1.1/armtools/bin/../lib/gcc/arm-atollic-eabi/5.3.1/../../../../arm-atollic-eabi/lib/armv7e-m/fpu\libc.a(lib_a-mbtowc_r.o)
                0x200005e4                __mbtowc
                0x200005e8                . = ALIGN (0x4)
                0x200005e8                _edata = .
                0x08007f88                _siccmram = LOADADDR (.ccmram)

.igot.plt       0x200005e8        0x0 load address 0x08007f88
 .igot.plt      0x200005e8        0x0 c:/program files (x86)/atollic/truestudio for arm 7.1.1/armtools/bin/../lib/gcc/arm-atollic-eabi/5.3.1/armv7e-m/fpu/crtbegin.o

.ccmram         0x10000000        0x0 load address 0x08007f88
                0x10000000                . = ALIGN (0x4)
                0x10000000                _sccmram = .
 *(.ccmram)
 *(.ccmram*)
                0x10000000                . = ALIGN (0x4)
                0x10000000                _eccmram = .
                0x10000000                . = ALIGN (0x4)

.bss            0x200005e8     0x1cc4
                0x200005e8                _sbss = .
                0x200005e8                __bss_start__ = _sbss
 *(.bss)
 .bss           0x200005e8       0x1c c:/program files (x86)/atollic/truestudio for arm 7.1.1/armtools/bin/../lib/gcc/arm-atollic-eabi/5.3.1/armv7e-m/fpu/crtbegin.o
 *(.bss*)
 .bss.TM_Time   0x20000604        0x4 src\tm_stm32f4_delay.o
                0x20000604                TM_Time
 .bss.TM_Time2  0x20000608        0x4 src\tm_stm32f4_delay.o
                0x20000608                TM_Time2
 .bss.TM_DELAY_Initialized
                0x2000060c        0x1 src\tm_stm32f4_delay.o
                0x2000060c                TM_DELAY_Initialized
 *fill*         0x2000060d        0x3 
 .bss.CustomTimers
                0x20000610       0x18 src\tm_stm32f4_delay.o
 .bss.GPIO_UsedPins
                0x20000628       0x16 src\tm_stm32f4_gpio.o
 *fill*         0x2000063e        0x2 
 .bss.__malloc_max_total_mem
                0x20000640        0x4 c:/program files (x86)/atollic/truestudio for arm 7.1.1/armtools/bin/../lib/gcc/arm-atollic-eabi/5.3.1/../../../../arm-atollic-eabi/lib/armv7e-m/fpu\libc.a(lib_a-mallocr.o)
                0x20000640                __malloc_max_total_mem
 .bss.__malloc_max_sbrked_mem
                0x20000644        0x4 c:/program files (x86)/atollic/truestudio for arm 7.1.1/armtools/bin/../lib/gcc/arm-atollic-eabi/5.3.1/../../../../arm-atollic-eabi/lib/armv7e-m/fpu\libc.a(lib_a-mallocr.o)
                0x20000644                __malloc_max_sbrked_mem
 .bss.__malloc_top_pad
                0x20000648        0x4 c:/program files (x86)/atollic/truestudio for arm 7.1.1/armtools/bin/../lib/gcc/arm-atollic-eabi/5.3.1/../../../../arm-atollic-eabi/lib/armv7e-m/fpu\libc.a(lib_a-mallocr.o)
                0x20000648                __malloc_top_pad
 .bss.__malloc_current_mallinfo
                0x2000064c       0x28 c:/program files (x86)/atollic/truestudio for arm 7.1.1/armtools/bin/../lib/gcc/arm-atollic-eabi/5.3.1/../../../../arm-atollic-eabi/lib/armv7e-m/fpu\libc.a(lib_a-mallocr.o)
                0x2000064c                __malloc_current_mallinfo
 .bss.__tzname_dst
                0x20000674        0xb c:/program files (x86)/atollic/truestudio for arm 7.1.1/armtools/bin/../lib/gcc/arm-atollic-eabi/5.3.1/../../../../arm-atollic-eabi/lib/armv7e-m/fpu\libc.a(lib_a-tzset_r.o)
 .bss.__tzname_std
                0x2000067f        0xb c:/program files (x86)/atollic/truestudio for arm 7.1.1/armtools/bin/../lib/gcc/arm-atollic-eabi/5.3.1/../../../../arm-atollic-eabi/lib/armv7e-m/fpu\libc.a(lib_a-tzset_r.o)
 *fill*         0x2000068a        0x2 
 .bss.prev_tzenv
                0x2000068c        0x4 c:/program files (x86)/atollic/truestudio for arm 7.1.1/armtools/bin/../lib/gcc/arm-atollic-eabi/5.3.1/../../../../arm-atollic-eabi/lib/armv7e-m/fpu\libc.a(lib_a-tzset_r.o)
 .bss._daylight
                0x20000690        0x4 c:/program files (x86)/atollic/truestudio for arm 7.1.1/armtools/bin/../lib/gcc/arm-atollic-eabi/5.3.1/../../../../arm-atollic-eabi/lib/armv7e-m/fpu\libc.a(lib_a-tzvars.o)
                0x20000690                _daylight
 .bss._timezone
                0x20000694        0x4 c:/program files (x86)/atollic/truestudio for arm 7.1.1/armtools/bin/../lib/gcc/arm-atollic-eabi/5.3.1/../../../../arm-atollic-eabi/lib/armv7e-m/fpu\libc.a(lib_a-tzvars.o)
                0x20000694                _timezone
 .bss.initial_env
                0x20000698        0x4 c:/program files (x86)/atollic/truestudio for arm 7.1.1/armtools/bin/../lib/gcc/arm-atollic-eabi/5.3.1/../../../../arm-atollic-eabi/lib/armv7e-m/fpu\libc.a(lib_a-environ.o)
 .bss.heap_end.4169
                0x2000069c        0x4 c:/program files (x86)/atollic/truestudio for arm 7.1.1/armtools/bin/../lib/gcc/arm-atollic-eabi/5.3.1/../../../../arm-atollic-eabi/lib/armv7e-m/fpu\libnosys.a(sbrk.o)
 *(COMMON)
 COMMON         0x200006a0      0xfc4 GPS\GPS.o
                0x200006a0                GNSS_LOG_Buffer
                0x20000e70                gnss_length
                0x20000e74                GNSS_Data_NOT_EMPTY
                0x20000e78                diag
                0x20000e80                RX_COMPLETE_FLAG
                0x20000e84                eTime
                0x20000e88                packet_full
                0x20000e8c                GPS_coord
                0x20000e94                DMA_RX_Buffer
 COMMON         0x20001664       0x10 src\Delay.o
                0x20001664                delay_flag
                0x20001665                status_flag
                0x20001668                timeout
                0x2000166c                delay
                0x20001670                ticks
 COMMON         0x20001674      0xbd0 src\Iridium.o
                0x20001674                SBDIX_status
                0x20001680                temp_buff
                0x20001a68                status_Received
                0x20001a69                IR_Rx_done
                0x20001a6a                bin_message_received
                0x20001a6b                network_available
                0x20001a6c                message_buff
                0x20001e54                Iridium_Rx_Buff
                0x2000223c                session_flag
                0x20002240                Iridium_data_length
 COMMON         0x20002244       0x60 src\main.o
                0x20002244                buff
                0x20002280                temp
                0x20002284                device_online
                0x20002288                OneWire
                0x2000229c                device
 COMMON         0x200022a4        0x4 src\tm_stm32f4_delay.o
                0x200022a4                mult
 COMMON         0x200022a8        0x4 c:/program files (x86)/atollic/truestudio for arm 7.1.1/armtools/bin/../lib/gcc/arm-atollic-eabi/5.3.1/../../../../arm-atollic-eabi/lib/armv7e-m/fpu\libc.a(lib_a-reent.o)
                0x200022a8                errno
                0x200022ac                . = ALIGN (0x4)
                0x200022ac                _ebss = .
                0x200022ac                __bss_end__ = _ebss

._user_heap_stack
                0x200022ac      0x400
                0x200022ac                . = ALIGN (0x4)
                0x200022ac                PROVIDE (end, .)
                [!provide]                PROVIDE (_end, .)
                0x200022ac                . = (. + _Min_Heap_Size)
                0x200026ac                . = (. + _Min_Stack_Size)
 *fill*         0x200022ac      0x400 
                0x200026ac                . = ALIGN (0x4)

.memory_b1_text
 *(.mb1text)
 *(.mb1text*)
 *(.mb1rodata)
 *(.mb1rodata*)

/DISCARD/
 libc.a(*)
 libm.a(*)
 libgcc.a(*)

.ARM.attributes
                0x00000000       0x30
 *(.ARM.attributes)
 .ARM.attributes
                0x00000000       0x22 c:/program files (x86)/atollic/truestudio for arm 7.1.1/armtools/bin/../lib/gcc/arm-atollic-eabi/5.3.1/armv7e-m/fpu/crti.o
 .ARM.attributes
                0x00000022       0x34 c:/program files (x86)/atollic/truestudio for arm 7.1.1/armtools/bin/../lib/gcc/arm-atollic-eabi/5.3.1/armv7e-m/fpu/crtbegin.o
 .ARM.attributes
                0x00000056       0x39 GPS\GPS.o
 .ARM.attributes
                0x0000008f       0x39 Libraries\STM32F4xx_StdPeriph_Driver\src\stm32f4xx_dma.o
 .ARM.attributes
                0x000000c8       0x39 Libraries\STM32F4xx_StdPeriph_Driver\src\stm32f4xx_exti.o
 .ARM.attributes
                0x00000101       0x39 Libraries\STM32F4xx_StdPeriph_Driver\src\stm32f4xx_flash.o
 .ARM.attributes
                0x0000013a       0x39 Libraries\STM32F4xx_StdPeriph_Driver\src\stm32f4xx_gpio.o
 .ARM.attributes
                0x00000173       0x39 Libraries\STM32F4xx_StdPeriph_Driver\src\stm32f4xx_rcc.o
 .ARM.attributes
                0x000001ac       0x39 Libraries\STM32F4xx_StdPeriph_Driver\src\stm32f4xx_tim.o
 .ARM.attributes
                0x000001e5       0x39 Libraries\STM32F4xx_StdPeriph_Driver\src\stm32f4xx_usart.o
 .ARM.attributes
                0x0000021e       0x39 Temp_sensor\tm_stm32f4_ds18b20.o
 .ARM.attributes
                0x00000257       0x39 Temp_sensor\tm_stm32f4_onewire.o
 .ARM.attributes
                0x00000290       0x39 Utilities\STM32F4-Discovery\stm32f4_discovery.o
 .ARM.attributes
                0x000002c9       0x39 src\Delay.o
 .ARM.attributes
                0x00000302       0x39 src\Iridium.o
 .ARM.attributes
                0x0000033b       0x39 src\main.o
 .ARM.attributes
                0x00000374       0x21 src\startup_stm32f40xx.o
 .ARM.attributes
                0x00000395       0x39 src\stm32f4xx_it.o
 .ARM.attributes
                0x000003ce       0x39 src\system_stm32f4xx.o
 .ARM.attributes
                0x00000407       0x39 src\tm_stm32f4_delay.o
 .ARM.attributes
                0x00000440       0x39 src\tm_stm32f4_gpio.o
 .ARM.attributes
                0x00000479       0x34 c:/program files (x86)/atollic/truestudio for arm 7.1.1/armtools/bin/../lib/gcc/arm-atollic-eabi/5.3.1/../../../../arm-atollic-eabi/lib/armv7e-m/fpu\libc.a(lib_a-atof.o)
 .ARM.attributes
                0x000004ad       0x34 c:/program files (x86)/atollic/truestudio for arm 7.1.1/armtools/bin/../lib/gcc/arm-atollic-eabi/5.3.1/../../../../arm-atollic-eabi/lib/armv7e-m/fpu\libc.a(lib_a-init.o)
 .ARM.attributes
                0x000004e1       0x34 c:/program files (x86)/atollic/truestudio for arm 7.1.1/armtools/bin/../lib/gcc/arm-atollic-eabi/5.3.1/../../../../arm-atollic-eabi/lib/armv7e-m/fpu\libc.a(lib_a-lcltime.o)
 .ARM.attributes
                0x00000515       0x34 c:/program files (x86)/atollic/truestudio for arm 7.1.1/armtools/bin/../lib/gcc/arm-atollic-eabi/5.3.1/../../../../arm-atollic-eabi/lib/armv7e-m/fpu\libc.a(lib_a-lcltime_r.o)
 .ARM.attributes
                0x00000549       0x34 c:/program files (x86)/atollic/truestudio for arm 7.1.1/armtools/bin/../lib/gcc/arm-atollic-eabi/5.3.1/../../../../arm-atollic-eabi/lib/armv7e-m/fpu\libc.a(lib_a-malloc.o)
 .ARM.attributes
                0x0000057d       0x34 c:/program files (x86)/atollic/truestudio for arm 7.1.1/armtools/bin/../lib/gcc/arm-atollic-eabi/5.3.1/../../../../arm-atollic-eabi/lib/armv7e-m/fpu\libc.a(lib_a-mallocr.o)
 .ARM.attributes
                0x000005b1       0x34 c:/program files (x86)/atollic/truestudio for arm 7.1.1/armtools/bin/../lib/gcc/arm-atollic-eabi/5.3.1/../../../../arm-atollic-eabi/lib/armv7e-m/fpu\libc.a(lib_a-memcpy-stub.o)
 .ARM.attributes
                0x000005e5       0x34 c:/program files (x86)/atollic/truestudio for arm 7.1.1/armtools/bin/../lib/gcc/arm-atollic-eabi/5.3.1/../../../../arm-atollic-eabi/lib/armv7e-m/fpu\libc.a(lib_a-memset.o)
 .ARM.attributes
                0x00000619       0x34 c:/program files (x86)/atollic/truestudio for arm 7.1.1/armtools/bin/../lib/gcc/arm-atollic-eabi/5.3.1/../../../../arm-atollic-eabi/lib/armv7e-m/fpu\libc.a(lib_a-mktime.o)
 .ARM.attributes
                0x0000064d       0x34 c:/program files (x86)/atollic/truestudio for arm 7.1.1/armtools/bin/../lib/gcc/arm-atollic-eabi/5.3.1/../../../../arm-atollic-eabi/lib/armv7e-m/fpu\libc.a(lib_a-mlock.o)
 .ARM.attributes
                0x00000681       0x34 c:/program files (x86)/atollic/truestudio for arm 7.1.1/armtools/bin/../lib/gcc/arm-atollic-eabi/5.3.1/../../../../arm-atollic-eabi/lib/armv7e-m/fpu\libc.a(lib_a-month_lengths.o)
 .ARM.attributes
                0x000006b5       0x34 c:/program files (x86)/atollic/truestudio for arm 7.1.1/armtools/bin/../lib/gcc/arm-atollic-eabi/5.3.1/../../../../arm-atollic-eabi/lib/armv7e-m/fpu\libc.a(lib_a-sbrkr.o)
 .ARM.attributes
                0x000006e9       0x20 c:/program files (x86)/atollic/truestudio for arm 7.1.1/armtools/bin/../lib/gcc/arm-atollic-eabi/5.3.1/../../../../arm-atollic-eabi/lib/armv7e-m/fpu\libc.a(lib_a-strcmp.o)
 .ARM.attributes
                0x00000709       0x1b c:/program files (x86)/atollic/truestudio for arm 7.1.1/armtools/bin/../lib/gcc/arm-atollic-eabi/5.3.1/../../../../arm-atollic-eabi/lib/armv7e-m/fpu\libc.a(lib_a-strlen.o)
 .ARM.attributes
                0x00000724       0x34 c:/program files (x86)/atollic/truestudio for arm 7.1.1/armtools/bin/../lib/gcc/arm-atollic-eabi/5.3.1/../../../../arm-atollic-eabi/lib/armv7e-m/fpu\libc.a(lib_a-strtod.o)
 .ARM.attributes
                0x00000758       0x34 c:/program files (x86)/atollic/truestudio for arm 7.1.1/armtools/bin/../lib/gcc/arm-atollic-eabi/5.3.1/../../../../arm-atollic-eabi/lib/armv7e-m/fpu\libc.a(lib_a-strtok.o)
 .ARM.attributes
                0x0000078c       0x34 c:/program files (x86)/atollic/truestudio for arm 7.1.1/armtools/bin/../lib/gcc/arm-atollic-eabi/5.3.1/../../../../arm-atollic-eabi/lib/armv7e-m/fpu\libc.a(lib_a-strtok_r.o)
 .ARM.attributes
                0x000007c0       0x34 c:/program files (x86)/atollic/truestudio for arm 7.1.1/armtools/bin/../lib/gcc/arm-atollic-eabi/5.3.1/../../../../arm-atollic-eabi/lib/armv7e-m/fpu\libc.a(lib_a-time.o)
 .ARM.attributes
                0x000007f4       0x34 c:/program files (x86)/atollic/truestudio for arm 7.1.1/armtools/bin/../lib/gcc/arm-atollic-eabi/5.3.1/../../../../arm-atollic-eabi/lib/armv7e-m/fpu\libc.a(lib_a-tzcalc_limits.o)
 .ARM.attributes
                0x00000828       0x34 c:/program files (x86)/atollic/truestudio for arm 7.1.1/armtools/bin/../lib/gcc/arm-atollic-eabi/5.3.1/../../../../arm-atollic-eabi/lib/armv7e-m/fpu\libc.a(lib_a-tzlock.o)
 .ARM.attributes
                0x0000085c       0x34 c:/program files (x86)/atollic/truestudio for arm 7.1.1/armtools/bin/../lib/gcc/arm-atollic-eabi/5.3.1/../../../../arm-atollic-eabi/lib/armv7e-m/fpu\libc.a(lib_a-tzset.o)
 .ARM.attributes
                0x00000890       0x34 c:/program files (x86)/atollic/truestudio for arm 7.1.1/armtools/bin/../lib/gcc/arm-atollic-eabi/5.3.1/../../../../arm-atollic-eabi/lib/armv7e-m/fpu\libc.a(lib_a-tzset_r.o)
 .ARM.attributes
                0x000008c4       0x34 c:/program files (x86)/atollic/truestudio for arm 7.1.1/armtools/bin/../lib/gcc/arm-atollic-eabi/5.3.1/../../../../arm-atollic-eabi/lib/armv7e-m/fpu\libc.a(lib_a-tzvars.o)
 .ARM.attributes
                0x000008f8       0x34 c:/program files (x86)/atollic/truestudio for arm 7.1.1/armtools/bin/../lib/gcc/arm-atollic-eabi/5.3.1/../../../../arm-atollic-eabi/lib/armv7e-m/fpu\libc.a(lib_a-ctype_.o)
 .ARM.attributes
                0x0000092c       0x34 c:/program files (x86)/atollic/truestudio for arm 7.1.1/armtools/bin/../lib/gcc/arm-atollic-eabi/5.3.1/../../../../arm-atollic-eabi/lib/armv7e-m/fpu\libc.a(lib_a-div.o)
 .ARM.attributes
                0x00000960       0x34 c:/program files (x86)/atollic/truestudio for arm 7.1.1/armtools/bin/../lib/gcc/arm-atollic-eabi/5.3.1/../../../../arm-atollic-eabi/lib/armv7e-m/fpu\libc.a(lib_a-freer.o)
 .ARM.attributes
                0x00000994       0x34 c:/program files (x86)/atollic/truestudio for arm 7.1.1/armtools/bin/../lib/gcc/arm-atollic-eabi/5.3.1/../../../../arm-atollic-eabi/lib/armv7e-m/fpu\libc.a(lib_a-gdtoa-gethex.o)
 .ARM.attributes
                0x000009c8       0x34 c:/program files (x86)/atollic/truestudio for arm 7.1.1/armtools/bin/../lib/gcc/arm-atollic-eabi/5.3.1/../../../../arm-atollic-eabi/lib/armv7e-m/fpu\libc.a(lib_a-gdtoa-hexnan.o)
 .ARM.attributes
                0x000009fc       0x34 c:/program files (x86)/atollic/truestudio for arm 7.1.1/armtools/bin/../lib/gcc/arm-atollic-eabi/5.3.1/../../../../arm-atollic-eabi/lib/armv7e-m/fpu\libc.a(lib_a-getenv_r.o)
 .ARM.attributes
                0x00000a30       0x34 c:/program files (x86)/atollic/truestudio for arm 7.1.1/armtools/bin/../lib/gcc/arm-atollic-eabi/5.3.1/../../../../arm-atollic-eabi/lib/armv7e-m/fpu\libc.a(lib_a-gettimeofdayr.o)
 .ARM.attributes
                0x00000a64       0x34 c:/program files (x86)/atollic/truestudio for arm 7.1.1/armtools/bin/../lib/gcc/arm-atollic-eabi/5.3.1/../../../../arm-atollic-eabi/lib/armv7e-m/fpu\libc.a(lib_a-gettzinfo.o)
 .ARM.attributes
                0x00000a98       0x34 c:/program files (x86)/atollic/truestudio for arm 7.1.1/armtools/bin/../lib/gcc/arm-atollic-eabi/5.3.1/../../../../arm-atollic-eabi/lib/armv7e-m/fpu\libc.a(lib_a-gmtime_r.o)
 .ARM.attributes
                0x00000acc       0x34 c:/program files (x86)/atollic/truestudio for arm 7.1.1/armtools/bin/../lib/gcc/arm-atollic-eabi/5.3.1/../../../../arm-atollic-eabi/lib/armv7e-m/fpu\libc.a(lib_a-impure.o)
 .ARM.attributes
                0x00000b00       0x34 c:/program files (x86)/atollic/truestudio for arm 7.1.1/armtools/bin/../lib/gcc/arm-atollic-eabi/5.3.1/../../../../arm-atollic-eabi/lib/armv7e-m/fpu\libc.a(lib_a-locale.o)
 .ARM.attributes
                0x00000b34       0x34 c:/program files (x86)/atollic/truestudio for arm 7.1.1/armtools/bin/../lib/gcc/arm-atollic-eabi/5.3.1/../../../../arm-atollic-eabi/lib/armv7e-m/fpu\libc.a(lib_a-mprec.o)
 .ARM.attributes
                0x00000b68       0x34 c:/program files (x86)/atollic/truestudio for arm 7.1.1/armtools/bin/../lib/gcc/arm-atollic-eabi/5.3.1/../../../../arm-atollic-eabi/lib/armv7e-m/fpu\libc.a(lib_a-reent.o)
 .ARM.attributes
                0x00000b9c       0x34 c:/program files (x86)/atollic/truestudio for arm 7.1.1/armtools/bin/../lib/gcc/arm-atollic-eabi/5.3.1/../../../../arm-atollic-eabi/lib/armv7e-m/fpu\libc.a(lib_a-siscanf.o)
 .ARM.attributes
                0x00000bd0       0x34 c:/program files (x86)/atollic/truestudio for arm 7.1.1/armtools/bin/../lib/gcc/arm-atollic-eabi/5.3.1/../../../../arm-atollic-eabi/lib/armv7e-m/fpu\libc.a(lib_a-stdio.o)
 .ARM.attributes
                0x00000c04       0x34 c:/program files (x86)/atollic/truestudio for arm 7.1.1/armtools/bin/../lib/gcc/arm-atollic-eabi/5.3.1/../../../../arm-atollic-eabi/lib/armv7e-m/fpu\libc.a(lib_a-strcpy.o)
 .ARM.attributes
                0x00000c38       0x34 c:/program files (x86)/atollic/truestudio for arm 7.1.1/armtools/bin/../lib/gcc/arm-atollic-eabi/5.3.1/../../../../arm-atollic-eabi/lib/armv7e-m/fpu\libc.a(lib_a-strncmp.o)
 .ARM.attributes
                0x00000c6c       0x34 c:/program files (x86)/atollic/truestudio for arm 7.1.1/armtools/bin/../lib/gcc/arm-atollic-eabi/5.3.1/../../../../arm-atollic-eabi/lib/armv7e-m/fpu\libc.a(lib_a-strtoul.o)
 .ARM.attributes
                0x00000ca0       0x34 c:/program files (x86)/atollic/truestudio for arm 7.1.1/armtools/bin/../lib/gcc/arm-atollic-eabi/5.3.1/../../../../arm-atollic-eabi/lib/armv7e-m/fpu\libc.a(lib_a-svfiscanf.o)
 .ARM.attributes
                0x00000cd4       0x34 c:/program files (x86)/atollic/truestudio for arm 7.1.1/armtools/bin/../lib/gcc/arm-atollic-eabi/5.3.1/../../../../arm-atollic-eabi/lib/armv7e-m/fpu\libc.a(lib_a-ungetc.o)
 .ARM.attributes
                0x00000d08       0x34 c:/program files (x86)/atollic/truestudio for arm 7.1.1/armtools/bin/../lib/gcc/arm-atollic-eabi/5.3.1/../../../../arm-atollic-eabi/lib/armv7e-m/fpu\libc.a(lib_a-callocr.o)
 .ARM.attributes
                0x00000d3c       0x34 c:/program files (x86)/atollic/truestudio for arm 7.1.1/armtools/bin/../lib/gcc/arm-atollic-eabi/5.3.1/../../../../arm-atollic-eabi/lib/armv7e-m/fpu\libc.a(lib_a-environ.o)
 .ARM.attributes
                0x00000d70       0x34 c:/program files (x86)/atollic/truestudio for arm 7.1.1/armtools/bin/../lib/gcc/arm-atollic-eabi/5.3.1/../../../../arm-atollic-eabi/lib/armv7e-m/fpu\libc.a(lib_a-envlock.o)
 .ARM.attributes
                0x00000da4       0x34 c:/program files (x86)/atollic/truestudio for arm 7.1.1/armtools/bin/../lib/gcc/arm-atollic-eabi/5.3.1/../../../../arm-atollic-eabi/lib/armv7e-m/fpu\libc.a(lib_a-findfp.o)
 .ARM.attributes
                0x00000dd8       0x34 c:/program files (x86)/atollic/truestudio for arm 7.1.1/armtools/bin/../lib/gcc/arm-atollic-eabi/5.3.1/../../../../arm-atollic-eabi/lib/armv7e-m/fpu\libc.a(lib_a-iswspace.o)
 .ARM.attributes
                0x00000e0c       0x34 c:/program files (x86)/atollic/truestudio for arm 7.1.1/armtools/bin/../lib/gcc/arm-atollic-eabi/5.3.1/../../../../arm-atollic-eabi/lib/armv7e-m/fpu\libc.a(lib_a-mbrtowc.o)
 .ARM.attributes
                0x00000e40       0x34 c:/program files (x86)/atollic/truestudio for arm 7.1.1/armtools/bin/../lib/gcc/arm-atollic-eabi/5.3.1/../../../../arm-atollic-eabi/lib/armv7e-m/fpu\libc.a(lib_a-mbtowc_r.o)
 .ARM.attributes
                0x00000e74       0x34 c:/program files (x86)/atollic/truestudio for arm 7.1.1/armtools/bin/../lib/gcc/arm-atollic-eabi/5.3.1/../../../../arm-atollic-eabi/lib/armv7e-m/fpu\libc.a(lib_a-memmove.o)
 .ARM.attributes
                0x00000ea8       0x34 c:/program files (x86)/atollic/truestudio for arm 7.1.1/armtools/bin/../lib/gcc/arm-atollic-eabi/5.3.1/../../../../arm-atollic-eabi/lib/armv7e-m/fpu\libc.a(lib_a-reallocr.o)
 .ARM.attributes
                0x00000edc       0x34 c:/program files (x86)/atollic/truestudio for arm 7.1.1/armtools/bin/../lib/gcc/arm-atollic-eabi/5.3.1/../../../../arm-atollic-eabi/lib/armv7e-m/fpu\libc.a(lib_a-sccl.o)
 .ARM.attributes
                0x00000f10       0x34 c:/program files (x86)/atollic/truestudio for arm 7.1.1/armtools/bin/../lib/gcc/arm-atollic-eabi/5.3.1/../../../../arm-atollic-eabi/lib/armv7e-m/fpu\libc.a(lib_a-strtol.o)
 .ARM.attributes
                0x00000f44       0x34 c:/program files (x86)/atollic/truestudio for arm 7.1.1/armtools/bin/../lib/gcc/arm-atollic-eabi/5.3.1/../../../../arm-atollic-eabi/lib/armv7e-m/fpu\libc.a(lib_a-strtoll_r.o)
 .ARM.attributes
                0x00000f78       0x34 c:/program files (x86)/atollic/truestudio for arm 7.1.1/armtools/bin/../lib/gcc/arm-atollic-eabi/5.3.1/../../../../arm-atollic-eabi/lib/armv7e-m/fpu\libc.a(lib_a-strtoull_r.o)
 .ARM.attributes
                0x00000fac       0x22 c:/program files (x86)/atollic/truestudio for arm 7.1.1/armtools/bin/../lib/gcc/arm-atollic-eabi/5.3.1/armv7e-m/fpu\libgcc.a(_arm_addsubdf3.o)
 .ARM.attributes
                0x00000fce       0x22 c:/program files (x86)/atollic/truestudio for arm 7.1.1/armtools/bin/../lib/gcc/arm-atollic-eabi/5.3.1/armv7e-m/fpu\libgcc.a(_arm_muldivdf3.o)
 .ARM.attributes
                0x00000ff0       0x22 c:/program files (x86)/atollic/truestudio for arm 7.1.1/armtools/bin/../lib/gcc/arm-atollic-eabi/5.3.1/armv7e-m/fpu\libgcc.a(_arm_cmpdf2.o)
 .ARM.attributes
                0x00001012       0x22 c:/program files (x86)/atollic/truestudio for arm 7.1.1/armtools/bin/../lib/gcc/arm-atollic-eabi/5.3.1/armv7e-m/fpu\libgcc.a(_arm_fixdfsi.o)
 .ARM.attributes
                0x00001034       0x22 c:/program files (x86)/atollic/truestudio for arm 7.1.1/armtools/bin/../lib/gcc/arm-atollic-eabi/5.3.1/armv7e-m/fpu\libgcc.a(_arm_fixunsdfsi.o)
 .ARM.attributes
                0x00001056       0x22 c:/program files (x86)/atollic/truestudio for arm 7.1.1/armtools/bin/../lib/gcc/arm-atollic-eabi/5.3.1/armv7e-m/fpu\libgcc.a(_arm_truncdfsf2.o)
 .ARM.attributes
                0x00001078       0x22 c:/program files (x86)/atollic/truestudio for arm 7.1.1/armtools/bin/../lib/gcc/arm-atollic-eabi/5.3.1/armv7e-m/fpu\libgcc.a(_aeabi_uldivmod.o)
 .ARM.attributes
                0x0000109a       0x34 c:/program files (x86)/atollic/truestudio for arm 7.1.1/armtools/bin/../lib/gcc/arm-atollic-eabi/5.3.1/armv7e-m/fpu\libgcc.a(_udivmoddi4.o)
 .ARM.attributes
                0x000010ce       0x22 c:/program files (x86)/atollic/truestudio for arm 7.1.1/armtools/bin/../lib/gcc/arm-atollic-eabi/5.3.1/armv7e-m/fpu\libgcc.a(_dvmd_tls.o)
 .ARM.attributes
                0x000010f0       0x34 c:/program files (x86)/atollic/truestudio for arm 7.1.1/armtools/bin/../lib/gcc/arm-atollic-eabi/5.3.1/../../../../arm-atollic-eabi/lib/armv7e-m/fpu\libnosys.a(gettod.o)
 .ARM.attributes
                0x00001124       0x34 c:/program files (x86)/atollic/truestudio for arm 7.1.1/armtools/bin/../lib/gcc/arm-atollic-eabi/5.3.1/../../../../arm-atollic-eabi/lib/armv7e-m/fpu\libnosys.a(sbrk.o)
 .ARM.attributes
                0x00001158       0x22 c:/program files (x86)/atollic/truestudio for arm 7.1.1/armtools/bin/../lib/gcc/arm-atollic-eabi/5.3.1/armv7e-m/fpu/crtn.o
OUTPUT(Test_Temp_F4.elf elf32-littlearm)

.debug_info     0x00000000     0xa64a
 .debug_info    0x00000000      0xe05 GPS\GPS.o
 .debug_info    0x00000e05      0x745 Libraries\STM32F4xx_StdPeriph_Driver\src\stm32f4xx_dma.o
 .debug_info    0x0000154a      0x35b Libraries\STM32F4xx_StdPeriph_Driver\src\stm32f4xx_exti.o
 .debug_info    0x000018a5      0x793 Libraries\STM32F4xx_StdPeriph_Driver\src\stm32f4xx_flash.o
 .debug_info    0x00002038      0x621 Libraries\STM32F4xx_StdPeriph_Driver\src\stm32f4xx_gpio.o
 .debug_info    0x00002659      0xc8d Libraries\STM32F4xx_StdPeriph_Driver\src\stm32f4xx_rcc.o
 .debug_info    0x000032e6     0x1c6d Libraries\STM32F4xx_StdPeriph_Driver\src\stm32f4xx_tim.o
 .debug_info    0x00004f53      0x9ce Libraries\STM32F4xx_StdPeriph_Driver\src\stm32f4xx_usart.o
 .debug_info    0x00005921      0x62f Temp_sensor\tm_stm32f4_ds18b20.o
 .debug_info    0x00005f50      0x7e7 Temp_sensor\tm_stm32f4_onewire.o
 .debug_info    0x00006737      0x8b6 Utilities\STM32F4-Discovery\stm32f4_discovery.o
 .debug_info    0x00006fed      0x6a4 src\Delay.o
 .debug_info    0x00007691     0x109d src\Iridium.o
 .debug_info    0x0000872e      0x4d4 src\main.o
 .debug_info    0x00008c02       0x8e src\startup_stm32f40xx.o
 .debug_info    0x00008c90      0x122 src\stm32f4xx_it.o
 .debug_info    0x00008db2      0x5d6 src\system_stm32f4xx.o
 .debug_info    0x00009388      0xa81 src\tm_stm32f4_delay.o
 .debug_info    0x00009e09      0x841 src\tm_stm32f4_gpio.o

.debug_abbrev   0x00000000     0x1e3b
 .debug_abbrev  0x00000000      0x25b GPS\GPS.o
 .debug_abbrev  0x0000025b      0x159 Libraries\STM32F4xx_StdPeriph_Driver\src\stm32f4xx_dma.o
 .debug_abbrev  0x000003b4      0x1ab Libraries\STM32F4xx_StdPeriph_Driver\src\stm32f4xx_exti.o
 .debug_abbrev  0x0000055f      0x19c Libraries\STM32F4xx_StdPeriph_Driver\src\stm32f4xx_flash.o
 .debug_abbrev  0x000006fb      0x1a9 Libraries\STM32F4xx_StdPeriph_Driver\src\stm32f4xx_gpio.o
 .debug_abbrev  0x000008a4      0x1e7 Libraries\STM32F4xx_StdPeriph_Driver\src\stm32f4xx_rcc.o
 .debug_abbrev  0x00000a8b      0x18b Libraries\STM32F4xx_StdPeriph_Driver\src\stm32f4xx_tim.o
 .debug_abbrev  0x00000c16      0x159 Libraries\STM32F4xx_StdPeriph_Driver\src\stm32f4xx_usart.o
 .debug_abbrev  0x00000d6f      0x1de Temp_sensor\tm_stm32f4_ds18b20.o
 .debug_abbrev  0x00000f4d      0x244 Temp_sensor\tm_stm32f4_onewire.o
 .debug_abbrev  0x00001191      0x194 Utilities\STM32F4-Discovery\stm32f4_discovery.o
 .debug_abbrev  0x00001325      0x145 src\Delay.o
 .debug_abbrev  0x0000146a      0x2c3 src\Iridium.o
 .debug_abbrev  0x0000172d      0x16b src\main.o
 .debug_abbrev  0x00001898       0x12 src\startup_stm32f40xx.o
 .debug_abbrev  0x000018aa       0x67 src\stm32f4xx_it.o
 .debug_abbrev  0x00001911      0x13a src\system_stm32f4xx.o
 .debug_abbrev  0x00001a4b      0x29d src\tm_stm32f4_delay.o
 .debug_abbrev  0x00001ce8      0x153 src\tm_stm32f4_gpio.o

.debug_aranges  0x00000000      0xd10
 .debug_aranges
                0x00000000       0x90 GPS\GPS.o
 .debug_aranges
                0x00000090       0xb0 Libraries\STM32F4xx_StdPeriph_Driver\src\stm32f4xx_dma.o
 .debug_aranges
                0x00000140       0x58 Libraries\STM32F4xx_StdPeriph_Driver\src\stm32f4xx_exti.o
 .debug_aranges
                0x00000198      0x118 Libraries\STM32F4xx_StdPeriph_Driver\src\stm32f4xx_flash.o
 .debug_aranges
                0x000002b0       0x88 Libraries\STM32F4xx_StdPeriph_Driver\src\stm32f4xx_gpio.o
 .debug_aranges
                0x00000338      0x180 Libraries\STM32F4xx_StdPeriph_Driver\src\stm32f4xx_rcc.o
 .debug_aranges
                0x000004b8      0x2f8 Libraries\STM32F4xx_StdPeriph_Driver\src\stm32f4xx_tim.o
 .debug_aranges
                0x000007b0      0x100 Libraries\STM32F4xx_StdPeriph_Driver\src\stm32f4xx_usart.o
 .debug_aranges
                0x000008b0       0x70 Temp_sensor\tm_stm32f4_ds18b20.o
 .debug_aranges
                0x00000920       0xb0 Temp_sensor\tm_stm32f4_onewire.o
 .debug_aranges
                0x000009d0       0x48 Utilities\STM32F4-Discovery\stm32f4_discovery.o
 .debug_aranges
                0x00000a18       0x38 src\Delay.o
 .debug_aranges
                0x00000a50       0xc8 src\Iridium.o
 .debug_aranges
                0x00000b18       0x30 src\main.o
 .debug_aranges
                0x00000b48       0x28 src\startup_stm32f40xx.o
 .debug_aranges
                0x00000b70       0x58 src\stm32f4xx_it.o
 .debug_aranges
                0x00000bc8       0x30 src\system_stm32f4xx.o
 .debug_aranges
                0x00000bf8       0x80 src\tm_stm32f4_delay.o
 .debug_aranges
                0x00000c78       0x98 src\tm_stm32f4_gpio.o

.debug_ranges   0x00000000      0xbe8
 .debug_ranges  0x00000000       0x80 GPS\GPS.o
 .debug_ranges  0x00000080       0xa0 Libraries\STM32F4xx_StdPeriph_Driver\src\stm32f4xx_dma.o
 .debug_ranges  0x00000120       0x48 Libraries\STM32F4xx_StdPeriph_Driver\src\stm32f4xx_exti.o
 .debug_ranges  0x00000168      0x108 Libraries\STM32F4xx_StdPeriph_Driver\src\stm32f4xx_flash.o
 .debug_ranges  0x00000270       0x78 Libraries\STM32F4xx_StdPeriph_Driver\src\stm32f4xx_gpio.o
 .debug_ranges  0x000002e8      0x170 Libraries\STM32F4xx_StdPeriph_Driver\src\stm32f4xx_rcc.o
 .debug_ranges  0x00000458      0x2e8 Libraries\STM32F4xx_StdPeriph_Driver\src\stm32f4xx_tim.o
 .debug_ranges  0x00000740       0xf0 Libraries\STM32F4xx_StdPeriph_Driver\src\stm32f4xx_usart.o
 .debug_ranges  0x00000830       0x60 Temp_sensor\tm_stm32f4_ds18b20.o