core_cm4.h:1465:22:NVIC_DisableIRQ	16	static
Iridium.c:10:6:init_Iridium_USART	96	static
Iridium.c:133:6:init_Control_Pins	40	static
Iridium.c:182:8:init_Iridium_Module	16	static
Iridium.c:204:6:deinit_Iridium_Module	16	static
Iridium.c:222:6:init_Rx_Buff	16	static
Iridium.c:231:6:transmit_Data	24	static
Iridium.c:250:6:transmit_bin_Data	24	static
Iridium.c:281:8:create_SBD_Session	16	static
Iridium.c:311:6:get_status	40	static
Iridium.c:348:6:clear_Status	16	static
Iridium.c:358:7:get_AT_response	16	static
Iridium.c:393:6:init_message_buff	16	static
Iridium.c:405:8:send_ATcmd	16	static
Iridium.c:423:9:send_ASCII_Message	64	dynamic
Iridium.c:464:9:send_Binary_Message	40	static
Iridium.c:534:10:calculate_checkSum	24	static
Iridium.c:547:6:USART3_IRQHandler	16	static
Iridium.c:564:6:DMA1_Stream1_IRQHandler	8	static
Iridium.c:588:6:DMA2_Stream0_IRQHandler	8	static
Iridium.c:618:8:EXTI0_IRQHandler	16	static
