diskio.c:136:13:interface_speed	24	static
diskio.c:172:13:socket_wp_init	4	static
diskio.c:178:21:socket_is_write_protected	4	static
diskio.c:206:13:socket_cp_init	4	static
diskio.c:211:21:socket_is_empty	4	static
diskio.c:255:13:card_power	16	static
diskio.c:261:12:chk_power	4	static
diskio.c:273:6:stm32_spi_rw	16	static
diskio.c:298:13:rcvr_spi	8	static
diskio.c:310:13:wait_ready	16	static
diskio.c:328:13:release_spi	8	static
diskio.c:339:6:stm32_dma_transfer	88	static
diskio.c:451:6:power_on	40	static
diskio.c:538:6:power_off	16	static
diskio.c:566:6:rcvr_datablock	24	static
diskio.c:603:6:xmit_datablock	24	static
diskio.c:644:6:send_cmd	24	static
diskio.c:697:9:disk_initialize	32	static
diskio.c:750:9:disk_status	16	static
diskio.c:762:9:disk_read	24	static
diskio.c:803:9:disk_write	24	static
diskio.c:843:9:disk_ioctl	56	static
diskio.c:976:6:disk_timerproc	24	static
