tm_stm32f4_delay.h:240:22:Delay	24	static
tm_stm32f4_onewire.c:21:6:TM_OneWire_Init	32	static
tm_stm32f4_onewire.c:33:9:TM_OneWire_Reset	24	static
tm_stm32f4_onewire.c:55:6:TM_OneWire_WriteBit	16	static
tm_stm32f4_onewire.c:84:9:TM_OneWire_ReadBit	24	static
tm_stm32f4_onewire.c:109:6:TM_OneWire_WriteByte	24	static
tm_stm32f4_onewire.c:119:9:TM_OneWire_ReadByte	24	static
tm_stm32f4_onewire.c:129:9:TM_OneWire_First	16	static
tm_stm32f4_onewire.c:137:9:TM_OneWire_Next	16	static
tm_stm32f4_onewire.c:142:6:TM_OneWire_ResetSearch	16	static
tm_stm32f4_onewire.c:149:9:TM_OneWire_Search	24	static
tm_stm32f4_onewire.c:260:5:TM_OneWire_Verify	48	static
tm_stm32f4_onewire.c:300:6:TM_OneWire_TargetSetup	24	static
tm_stm32f4_onewire.c:314:6:TM_OneWire_FamilySkipSetup	16	static
tm_stm32f4_onewire.c:325:9:TM_OneWire_GetROM	16	static
tm_stm32f4_onewire.c:329:6:TM_OneWire_Select	24	static
tm_stm32f4_onewire.c:338:6:TM_OneWire_SelectWithPointer	24	static
tm_stm32f4_onewire.c:347:6:TM_OneWire_GetFullROM	24	static
tm_stm32f4_onewire.c:354:9:TM_OneWire_CRC8	24	static
